<?xml version="1.0" encoding="ISO-8859-1" ?>
<link_info>
   <banner>TI ARM Linker PC v20.2.5.LTS</banner>
   <copyright>Copyright (c) 1996-2018 Texas Instruments Incorporated</copyright>
   <link_time>0x6216b5ae</link_time>
   <link_errors>0x0</link_errors>
   <output_file>inc.out</output_file>
   <entry_point>
      <name>_c_int00_noargs</name>
      <address>0x14b1</address>
   </entry_point>
   <input_file_list>
      <input_file id="fl-2">
         <path>.\</path>
         <kind>object</kind>
         <file>ADC14.obj</file>
         <name>ADC14.obj</name>
      </input_file>
      <input_file id="fl-3">
         <path>.\</path>
         <kind>object</kind>
         <file>AP.obj</file>
         <name>AP.obj</name>
      </input_file>
      <input_file id="fl-4">
         <path>.\</path>
         <kind>object</kind>
         <file>Bump.obj</file>
         <name>Bump.obj</name>
      </input_file>
      <input_file id="fl-5">
         <path>.\</path>
         <kind>object</kind>
         <file>Clock.obj</file>
         <name>Clock.obj</name>
      </input_file>
      <input_file id="fl-6">
         <path>.\</path>
         <kind>object</kind>
         <file>CortexM.obj</file>
         <name>CortexM.obj</name>
      </input_file>
      <input_file id="fl-7">
         <path>.\</path>
         <kind>object</kind>
         <file>EUSCIA0.obj</file>
         <name>EUSCIA0.obj</name>
      </input_file>
      <input_file id="fl-8">
         <path>.\</path>
         <kind>object</kind>
         <file>FIFO0.obj</file>
         <name>FIFO0.obj</name>
      </input_file>
      <input_file id="fl-9">
         <path>.\</path>
         <kind>object</kind>
         <file>FlashProgram.obj</file>
         <name>FlashProgram.obj</name>
      </input_file>
      <input_file id="fl-a">
         <path>.\</path>
         <kind>object</kind>
         <file>GPIO.obj</file>
         <name>GPIO.obj</name>
      </input_file>
      <input_file id="fl-b">
         <path>.\</path>
         <kind>object</kind>
         <file>IRDistance.obj</file>
         <name>IRDistance.obj</name>
      </input_file>
      <input_file id="fl-c">
         <path>.\</path>
         <kind>object</kind>
         <file>LPF.obj</file>
         <name>LPF.obj</name>
      </input_file>
      <input_file id="fl-d">
         <path>.\</path>
         <kind>object</kind>
         <file>LaunchPad.obj</file>
         <name>LaunchPad.obj</name>
      </input_file>
      <input_file id="fl-e">
         <path>.\</path>
         <kind>object</kind>
         <file>Motor.obj</file>
         <name>Motor.obj</name>
      </input_file>
      <input_file id="fl-f">
         <path>.\</path>
         <kind>object</kind>
         <file>MotorSimple.obj</file>
         <name>MotorSimple.obj</name>
      </input_file>
      <input_file id="fl-10">
         <path>.\</path>
         <kind>object</kind>
         <file>Nokia5110.obj</file>
         <name>Nokia5110.obj</name>
      </input_file>
      <input_file id="fl-11">
         <path>.\</path>
         <kind>object</kind>
         <file>PWM.obj</file>
         <name>PWM.obj</name>
      </input_file>
      <input_file id="fl-12">
         <path>.\</path>
         <kind>object</kind>
         <file>Reflectance.obj</file>
         <name>Reflectance.obj</name>
      </input_file>
      <input_file id="fl-13">
         <path>.\</path>
         <kind>object</kind>
         <file>SysTick.obj</file>
         <name>SysTick.obj</name>
      </input_file>
      <input_file id="fl-14">
         <path>.\</path>
         <kind>object</kind>
         <file>TA3InputCapture.obj</file>
         <name>TA3InputCapture.obj</name>
      </input_file>
      <input_file id="fl-15">
         <path>.\</path>
         <kind>object</kind>
         <file>TExaS.obj</file>
         <name>TExaS.obj</name>
      </input_file>
      <input_file id="fl-16">
         <path>.\</path>
         <kind>object</kind>
         <file>Tachometer.obj</file>
         <name>Tachometer.obj</name>
      </input_file>
      <input_file id="fl-17">
         <path>.\</path>
         <kind>object</kind>
         <file>TimerA0.obj</file>
         <name>TimerA0.obj</name>
      </input_file>
      <input_file id="fl-18">
         <path>.\</path>
         <kind>object</kind>
         <file>TimerA1.obj</file>
         <name>TimerA1.obj</name>
      </input_file>
      <input_file id="fl-19">
         <path>.\</path>
         <kind>object</kind>
         <file>TimerA2.obj</file>
         <name>TimerA2.obj</name>
      </input_file>
      <input_file id="fl-1a">
         <path>.\</path>
         <kind>object</kind>
         <file>UART0.obj</file>
         <name>UART0.obj</name>
      </input_file>
      <input_file id="fl-1b">
         <path>.\</path>
         <kind>object</kind>
         <file>UART1.obj</file>
         <name>UART1.obj</name>
      </input_file>
      <input_file id="fl-1c">
         <path>.\</path>
         <kind>object</kind>
         <file>Ultrasound.obj</file>
         <name>Ultrasound.obj</name>
      </input_file>
      <input_file id="fl-1d">
         <path>.\</path>
         <kind>object</kind>
         <file>incmain.obj</file>
         <name>incmain.obj</name>
      </input_file>
      <input_file id="fl-1e">
         <path>.\</path>
         <kind>object</kind>
         <file>startup_msp432p401r_ccs.obj</file>
         <name>startup_msp432p401r_ccs.obj</name>
      </input_file>
      <input_file id="fl-1f">
         <path>.\</path>
         <kind>object</kind>
         <file>system_msp432p401r.obj</file>
         <name>system_msp432p401r.obj</name>
      </input_file>
      <input_file id="fl-23">
         <kind>object</kind>
         <file>&lt;internal&gt;</file>
         <name>&lt;internal&gt;</name>
      </input_file>
      <input_file id="fl-d9">
         <path>C:\ti\ccs1110\ccs\tools\compiler\ti-cgt-arm_20.2.5.LTS\lib\</path>
         <kind>archive</kind>
         <file>rtsv7M4_T_le_v4SPD16_eabi.lib</file>
         <name>fopen.c.obj</name>
      </input_file>
      <input_file id="fl-da">
         <path>C:\ti\ccs1110\ccs\tools\compiler\ti-cgt-arm_20.2.5.LTS\lib\</path>
         <kind>archive</kind>
         <file>rtsv7M4_T_le_v4SPD16_eabi.lib</file>
         <name>setvbuf.c.obj</name>
      </input_file>
      <input_file id="fl-db">
         <path>C:\ti\ccs1110\ccs\tools\compiler\ti-cgt-arm_20.2.5.LTS\lib\</path>
         <kind>archive</kind>
         <file>rtsv7M4_T_le_v4SPD16_eabi.lib</file>
         <name>fd_div_t2.asm.obj</name>
      </input_file>
      <input_file id="fl-dc">
         <path>C:\ti\ccs1110\ccs\tools\compiler\ti-cgt-arm_20.2.5.LTS\lib\</path>
         <kind>archive</kind>
         <file>rtsv7M4_T_le_v4SPD16_eabi.lib</file>
         <name>fd_mul_t2.asm.obj</name>
      </input_file>
      <input_file id="fl-dd">
         <path>C:\ti\ccs1110\ccs\tools\compiler\ti-cgt-arm_20.2.5.LTS\lib\</path>
         <kind>archive</kind>
         <file>rtsv7M4_T_le_v4SPD16_eabi.lib</file>
         <name>fd_toi_t2.asm.obj</name>
      </input_file>
      <input_file id="fl-de">
         <path>C:\ti\ccs1110\ccs\tools\compiler\ti-cgt-arm_20.2.5.LTS\lib\</path>
         <kind>archive</kind>
         <file>rtsv7M4_T_le_v4SPD16_eabi.lib</file>
         <name>fd_tou_t2.asm.obj</name>
      </input_file>
      <input_file id="fl-df">
         <path>C:\ti\ccs1110\ccs\tools\compiler\ti-cgt-arm_20.2.5.LTS\lib\</path>
         <kind>archive</kind>
         <file>rtsv7M4_T_le_v4SPD16_eabi.lib</file>
         <name>u_tofd_t2.asm.obj</name>
      </input_file>
      <input_file id="fl-e0">
         <path>C:\ti\ccs1110\ccs\tools\compiler\ti-cgt-arm_20.2.5.LTS\lib\</path>
         <kind>archive</kind>
         <file>rtsv7M4_T_le_v4SPD16_eabi.lib</file>
         <name>memset_t2.asm.obj</name>
      </input_file>
      <input_file id="fl-e1">
         <path>C:\ti\ccs1110\ccs\tools\compiler\ti-cgt-arm_20.2.5.LTS\lib\</path>
         <kind>archive</kind>
         <file>rtsv7M4_T_le_v4SPD16_eabi.lib</file>
         <name>copy_zero_init.c.obj</name>
      </input_file>
      <input_file id="fl-e2">
         <path>C:\ti\ccs1110\ccs\tools\compiler\ti-cgt-arm_20.2.5.LTS\lib\</path>
         <kind>archive</kind>
         <file>rtsv7M4_T_le_v4SPD16_eabi.lib</file>
         <name>copy_decompress_none.c.obj</name>
      </input_file>
      <input_file id="fl-e3">
         <path>C:\ti\ccs1110\ccs\tools\compiler\ti-cgt-arm_20.2.5.LTS\lib\</path>
         <kind>archive</kind>
         <file>rtsv7M4_T_le_v4SPD16_eabi.lib</file>
         <name>copy_decompress_lzss.c.obj</name>
      </input_file>
      <input_file id="fl-e4">
         <path>C:\ti\ccs1110\ccs\tools\compiler\ti-cgt-arm_20.2.5.LTS\lib\</path>
         <kind>archive</kind>
         <file>rtsv7M4_T_le_v4SPD16_eabi.lib</file>
         <name>exit.c.obj</name>
      </input_file>
      <input_file id="fl-e5">
         <path>C:\ti\ccs1110\ccs\tools\compiler\ti-cgt-arm_20.2.5.LTS\lib\</path>
         <kind>archive</kind>
         <file>rtsv7M4_T_le_v4SPD16_eabi.lib</file>
         <name>_lock.c.obj</name>
      </input_file>
      <input_file id="fl-e6">
         <path>C:\ti\ccs1110\ccs\tools\compiler\ti-cgt-arm_20.2.5.LTS\lib\</path>
         <kind>archive</kind>
         <file>rtsv7M4_T_le_v4SPD16_eabi.lib</file>
         <name>defs.c.obj</name>
      </input_file>
      <input_file id="fl-e7">
         <path>C:\ti\ccs1110\ccs\tools\compiler\ti-cgt-arm_20.2.5.LTS\lib\</path>
         <kind>archive</kind>
         <file>rtsv7M4_T_le_v4SPD16_eabi.lib</file>
         <name>memory.c.obj</name>
      </input_file>
      <input_file id="fl-e8">
         <path>C:\ti\ccs1110\ccs\tools\compiler\ti-cgt-arm_20.2.5.LTS\lib\</path>
         <kind>archive</kind>
         <file>rtsv7M4_T_le_v4SPD16_eabi.lib</file>
         <name>boot_cortex_m.c.obj</name>
      </input_file>
      <input_file id="fl-e9">
         <path>C:\ti\ccs1110\ccs\tools\compiler\ti-cgt-arm_20.2.5.LTS\lib\</path>
         <kind>archive</kind>
         <file>rtsv7M4_T_le_v4SPD16_eabi.lib</file>
         <name>open.c.obj</name>
      </input_file>
      <input_file id="fl-ea">
         <path>C:\ti\ccs1110\ccs\tools\compiler\ti-cgt-arm_20.2.5.LTS\lib\</path>
         <kind>archive</kind>
         <file>rtsv7M4_T_le_v4SPD16_eabi.lib</file>
         <name>add_device.c.obj</name>
      </input_file>
      <input_file id="fl-eb">
         <path>C:\ti\ccs1110\ccs\tools\compiler\ti-cgt-arm_20.2.5.LTS\lib\</path>
         <kind>archive</kind>
         <file>rtsv7M4_T_le_v4SPD16_eabi.lib</file>
         <name>fclose.c.obj</name>
      </input_file>
      <input_file id="fl-ec">
         <path>C:\ti\ccs1110\ccs\tools\compiler\ti-cgt-arm_20.2.5.LTS\lib\</path>
         <kind>archive</kind>
         <file>rtsv7M4_T_le_v4SPD16_eabi.lib</file>
         <name>fflush.c.obj</name>
      </input_file>
      <input_file id="fl-ed">
         <path>C:\ti\ccs1110\ccs\tools\compiler\ti-cgt-arm_20.2.5.LTS\lib\</path>
         <kind>archive</kind>
         <file>rtsv7M4_T_le_v4SPD16_eabi.lib</file>
         <name>getdevice.c.obj</name>
      </input_file>
      <input_file id="fl-ee">
         <path>C:\ti\ccs1110\ccs\tools\compiler\ti-cgt-arm_20.2.5.LTS\lib\</path>
         <kind>archive</kind>
         <file>rtsv7M4_T_le_v4SPD16_eabi.lib</file>
         <name>memcpy_t2.asm.obj</name>
      </input_file>
      <input_file id="fl-ef">
         <path>C:\ti\ccs1110\ccs\tools\compiler\ti-cgt-arm_20.2.5.LTS\lib\</path>
         <kind>archive</kind>
         <file>rtsv7M4_T_le_v4SPD16_eabi.lib</file>
         <name>autoinit.c.obj</name>
      </input_file>
      <input_file id="fl-f0">
         <path>C:\ti\ccs1110\ccs\tools\compiler\ti-cgt-arm_20.2.5.LTS\lib\</path>
         <kind>archive</kind>
         <file>rtsv7M4_T_le_v4SPD16_eabi.lib</file>
         <name>pre_init.c.obj</name>
      </input_file>
      <input_file id="fl-f1">
         <path>C:\ti\ccs1110\ccs\tools\compiler\ti-cgt-arm_20.2.5.LTS\lib\</path>
         <kind>archive</kind>
         <file>rtsv7M4_T_le_v4SPD16_eabi.lib</file>
         <name>cpy_tbl.c.obj</name>
      </input_file>
      <input_file id="fl-f2">
         <path>C:\ti\ccs1110\ccs\tools\compiler\ti-cgt-arm_20.2.5.LTS\lib\</path>
         <kind>archive</kind>
         <file>rtsv7M4_T_le_v4SPD16_eabi.lib</file>
         <name>args_main.c.obj</name>
      </input_file>
      <input_file id="fl-f3">
         <path>C:\ti\ccs1110\ccs\tools\compiler\ti-cgt-arm_20.2.5.LTS\lib\</path>
         <kind>archive</kind>
         <file>rtsv7M4_T_le_v4SPD16_eabi.lib</file>
         <name>strchr.c.obj</name>
      </input_file>
      <input_file id="fl-f4">
         <path>C:\ti\ccs1110\ccs\tools\compiler\ti-cgt-arm_20.2.5.LTS\lib\</path>
         <kind>archive</kind>
         <file>rtsv7M4_T_le_v4SPD16_eabi.lib</file>
         <name>strcmp.c.obj</name>
      </input_file>
      <input_file id="fl-f5">
         <path>C:\ti\ccs1110\ccs\tools\compiler\ti-cgt-arm_20.2.5.LTS\lib\</path>
         <kind>archive</kind>
         <file>rtsv7M4_T_le_v4SPD16_eabi.lib</file>
         <name>strncpy.c.obj</name>
      </input_file>
      <input_file id="fl-f6">
         <path>C:\ti\ccs1110\ccs\tools\compiler\ti-cgt-arm_20.2.5.LTS\lib\</path>
         <kind>archive</kind>
         <file>rtsv7M4_T_le_v4SPD16_eabi.lib</file>
         <name>write.c.obj</name>
      </input_file>
      <input_file id="fl-f7">
         <path>C:\ti\ccs1110\ccs\tools\compiler\ti-cgt-arm_20.2.5.LTS\lib\</path>
         <kind>archive</kind>
         <file>rtsv7M4_T_le_v4SPD16_eabi.lib</file>
         <name>host_device.c.obj</name>
      </input_file>
      <input_file id="fl-f8">
         <path>C:\ti\ccs1110\ccs\tools\compiler\ti-cgt-arm_20.2.5.LTS\lib\</path>
         <kind>archive</kind>
         <file>rtsv7M4_T_le_v4SPD16_eabi.lib</file>
         <name>remove.c.obj</name>
      </input_file>
      <input_file id="fl-f9">
         <path>C:\ti\ccs1110\ccs\tools\compiler\ti-cgt-arm_20.2.5.LTS\lib\</path>
         <kind>archive</kind>
         <file>rtsv7M4_T_le_v4SPD16_eabi.lib</file>
         <name>close.c.obj</name>
      </input_file>
      <input_file id="fl-fa">
         <path>C:\ti\ccs1110\ccs\tools\compiler\ti-cgt-arm_20.2.5.LTS\lib\</path>
         <kind>archive</kind>
         <file>rtsv7M4_T_le_v4SPD16_eabi.lib</file>
         <name>unlink.c.obj</name>
      </input_file>
      <input_file id="fl-fb">
         <path>C:\ti\ccs1110\ccs\tools\compiler\ti-cgt-arm_20.2.5.LTS\lib\</path>
         <kind>archive</kind>
         <file>rtsv7M4_T_le_v4SPD16_eabi.lib</file>
         <name>hostclose.c.obj</name>
      </input_file>
      <input_file id="fl-fc">
         <path>C:\ti\ccs1110\ccs\tools\compiler\ti-cgt-arm_20.2.5.LTS\lib\</path>
         <kind>archive</kind>
         <file>rtsv7M4_T_le_v4SPD16_eabi.lib</file>
         <name>hostlseek.c.obj</name>
      </input_file>
      <input_file id="fl-fd">
         <path>C:\ti\ccs1110\ccs\tools\compiler\ti-cgt-arm_20.2.5.LTS\lib\</path>
         <kind>archive</kind>
         <file>rtsv7M4_T_le_v4SPD16_eabi.lib</file>
         <name>hostopen.c.obj</name>
      </input_file>
      <input_file id="fl-fe">
         <path>C:\ti\ccs1110\ccs\tools\compiler\ti-cgt-arm_20.2.5.LTS\lib\</path>
         <kind>archive</kind>
         <file>rtsv7M4_T_le_v4SPD16_eabi.lib</file>
         <name>hostread.c.obj</name>
      </input_file>
      <input_file id="fl-ff">
         <path>C:\ti\ccs1110\ccs\tools\compiler\ti-cgt-arm_20.2.5.LTS\lib\</path>
         <kind>archive</kind>
         <file>rtsv7M4_T_le_v4SPD16_eabi.lib</file>
         <name>hostrename.c.obj</name>
      </input_file>
      <input_file id="fl-100">
         <path>C:\ti\ccs1110\ccs\tools\compiler\ti-cgt-arm_20.2.5.LTS\lib\</path>
         <kind>archive</kind>
         <file>rtsv7M4_T_le_v4SPD16_eabi.lib</file>
         <name>hostunlink.c.obj</name>
      </input_file>
      <input_file id="fl-101">
         <path>C:\ti\ccs1110\ccs\tools\compiler\ti-cgt-arm_20.2.5.LTS\lib\</path>
         <kind>archive</kind>
         <file>rtsv7M4_T_le_v4SPD16_eabi.lib</file>
         <name>hostwrite.c.obj</name>
      </input_file>
      <input_file id="fl-102">
         <path>C:\ti\ccs1110\ccs\tools\compiler\ti-cgt-arm_20.2.5.LTS\lib\</path>
         <kind>archive</kind>
         <file>rtsv7M4_T_le_v4SPD16_eabi.lib</file>
         <name>trgmsg.c.obj</name>
      </input_file>
      <input_file id="fl-103">
         <path>C:\ti\ccs1110\ccs\tools\compiler\ti-cgt-arm_20.2.5.LTS\lib\</path>
         <kind>archive</kind>
         <file>rtsv7M4_T_le_v4SPD16_eabi.lib</file>
         <name>strcpy.c.obj</name>
      </input_file>
      <input_file id="fl-104">
         <path>C:\ti\ccs1110\ccs\tools\compiler\ti-cgt-arm_20.2.5.LTS\lib\</path>
         <kind>archive</kind>
         <file>rtsv7M4_T_le_v4SPD16_eabi.lib</file>
         <name>strlen.c.obj</name>
      </input_file>
   </input_file_list>
   <object_component_list>
      <object_component id="oc-26">
         <name>.intvecs:retain</name>
         <load_address>0x0</load_address>
         <run_address>0x0</run_address>
         <size>0xe4</size>
         <input_file_ref idref="fl-1e"/>
      </object_component>
      <object_component id="oc-94">
         <name>.text</name>
         <load_address>0xe4</load_address>
         <run_address>0xe4</run_address>
         <size>0x630</size>
         <input_file_ref idref="fl-15"/>
      </object_component>
      <object_component id="oc-88">
         <name>.text</name>
         <load_address>0x714</load_address>
         <run_address>0x714</run_address>
         <size>0x5b6</size>
         <input_file_ref idref="fl-7"/>
      </object_component>
      <object_component id="oc-c4">
         <name>.text</name>
         <load_address>0xcca</load_address>
         <run_address>0xcca</run_address>
         <size>0x2</size>
         <input_file_ref idref="fl-1d"/>
      </object_component>
      <object_component id="oc-d6">
         <name>.text</name>
         <load_address>0xccc</load_address>
         <run_address>0xccc</run_address>
         <size>0x32c</size>
         <input_file_ref idref="fl-1f"/>
      </object_component>
      <object_component id="oc-8e">
         <name>.text</name>
         <load_address>0xff8</load_address>
         <run_address>0xff8</run_address>
         <size>0x1a4</size>
         <input_file_ref idref="fl-1b"/>
      </object_component>
      <object_component id="oc-70">
         <name>.text</name>
         <load_address>0x119c</load_address>
         <run_address>0x119c</run_address>
         <size>0xac</size>
         <input_file_ref idref="fl-17"/>
      </object_component>
      <object_component id="oc-7c">
         <name>.text</name>
         <load_address>0x1248</load_address>
         <run_address>0x1248</run_address>
         <size>0xa8</size>
         <input_file_ref idref="fl-19"/>
      </object_component>
      <object_component id="oc-3a">
         <name>.text</name>
         <load_address>0x12f0</load_address>
         <run_address>0x12f0</run_address>
         <size>0x9c</size>
         <input_file_ref idref="fl-ee"/>
      </object_component>
      <object_component id="oc-ef">
         <name>.text</name>
         <load_address>0x138c</load_address>
         <run_address>0x138c</run_address>
         <size>0x78</size>
         <input_file_ref idref="fl-8"/>
      </object_component>
      <object_component id="oc-17">
         <name>.text:decompress:lzss:__TI_decompress_lzss</name>
         <load_address>0x1404</load_address>
         <run_address>0x1404</run_address>
         <size>0x68</size>
         <input_file_ref idref="fl-e3"/>
      </object_component>
      <object_component id="oc-13e">
         <name>.text:__TI_auto_init_nobinit_nopinit:__TI_auto_init_nobinit_nopinit</name>
         <load_address>0x146c</load_address>
         <run_address>0x146c</run_address>
         <size>0x44</size>
         <input_file_ref idref="fl-ef"/>
      </object_component>
      <object_component id="oc-58">
         <name>.text:_c_int00_noargs:_c_int00_noargs</name>
         <load_address>0x14b0</load_address>
         <run_address>0x14b0</run_address>
         <size>0x34</size>
         <input_file_ref idref="fl-e8"/>
      </object_component>
      <object_component id="oc-82">
         <name>.text</name>
         <load_address>0x14e4</load_address>
         <run_address>0x14e4</run_address>
         <size>0x1c</size>
         <input_file_ref idref="fl-14"/>
      </object_component>
      <object_component id="oc-46">
         <name>.text:decompress:ZI:__TI_zero_init_nomemset:__TI_zero_init_nomemset</name>
         <load_address>0x1500</load_address>
         <run_address>0x1500</run_address>
         <size>0x1c</size>
         <input_file_ref idref="fl-e1"/>
      </object_component>
      <object_component id="oc-76">
         <name>.text</name>
         <load_address>0x151c</load_address>
         <run_address>0x151c</run_address>
         <size>0x12</size>
         <input_file_ref idref="fl-18"/>
      </object_component>
      <object_component id="oc-1d">
         <name>.text:decompress:none:__TI_decompress_none</name>
         <load_address>0x152e</load_address>
         <run_address>0x152e</run_address>
         <size>0xe</size>
         <input_file_ref idref="fl-e2"/>
      </object_component>
      <object_component id="oc-6a">
         <name>.text</name>
         <load_address>0x153c</load_address>
         <run_address>0x153c</run_address>
         <size>0xe</size>
         <input_file_ref idref="fl-1e"/>
      </object_component>
      <object_component id="oc-be">
         <name>.text:_system_pre_init</name>
         <load_address>0x154a</load_address>
         <run_address>0x154a</run_address>
         <size>0x4</size>
         <input_file_ref idref="fl-f0"/>
      </object_component>
      <object_component id="oc-132">
         <name>.text:abort:abort</name>
         <load_address>0x154e</load_address>
         <run_address>0x154e</run_address>
         <size>0x4</size>
         <input_file_ref idref="fl-e4"/>
      </object_component>
      <object_component id="oc-21d">
         <name>__TI_handler_table</name>
         <load_address>0x1558</load_address>
         <run_address>0x1558</run_address>
         <size>0xc</size>
      </object_component>
      <object_component id="oc-21f">
         <name>.cinit..data.load</name>
         <load_address>0x1564</load_address>
         <run_address>0x1564</run_address>
         <size>0xb</size>
      </object_component>
      <object_component id="oc-220">
         <name>.cinit..bss.load</name>
         <load_address>0x1570</load_address>
         <run_address>0x1570</run_address>
         <size>0x8</size>
      </object_component>
      <object_component id="oc-21e">
         <name>__TI_cinit_table</name>
         <load_address>0x1578</load_address>
         <run_address>0x1578</run_address>
         <size>0x10</size>
      </object_component>
      <object_component id="oc-1f1">
         <name>.binit</name>
         <load_address>0x0</load_address>
         <run_address>0x0</run_address>
         <size>0x0</size>
      </object_component>
      <object_component id="oc-104">
         <name>.data</name>
         <load_address>0x20000628</load_address>
         <run_address>0x20000628</run_address>
         <size>0xc</size>
         <input_file_ref idref="fl-15"/>
      </object_component>
      <object_component id="oc-170">
         <name>.data</name>
         <load_address>0x20000634</load_address>
         <run_address>0x20000634</run_address>
         <size>0x4</size>
         <input_file_ref idref="fl-1f"/>
      </object_component>
      <object_component id="oc-f8">
         <name>.common:Messageindexc</name>
         <uninitialized>true</uninitialized>
         <run_address>0x20000608</run_address>
         <size>0x4</size>
      </object_component>
      <object_component id="oc-f5">
         <name>.common:Messagec</name>
         <uninitialized>true</uninitialized>
         <run_address>0x20000600</run_address>
         <size>0x8</size>
      </object_component>
      <object_component id="oc-18b">
         <name>.common:TxHistogram</name>
         <uninitialized>true</uninitialized>
         <run_address>0x20000500</run_address>
         <size>0x100</size>
      </object_component>
      <object_component id="oc-101">
         <name>.common:LogicData</name>
         <uninitialized>true</uninitialized>
         <run_address>0x20000624</run_address>
         <size>0x1</size>
      </object_component>
      <object_component id="oc-107">
         <name>.common:PeriodicTask2</name>
         <uninitialized>true</uninitialized>
         <run_address>0x2000060c</run_address>
         <size>0x4</size>
      </object_component>
      <object_component id="oc-dd">
         <name>.common:TimerA0Task</name>
         <uninitialized>true</uninitialized>
         <run_address>0x2000061c</run_address>
         <size>0x4</size>
      </object_component>
      <object_component id="oc-e9">
         <name>.common:TimerA2Task</name>
         <uninitialized>true</uninitialized>
         <run_address>0x20000620</run_address>
         <size>0x4</size>
      </object_component>
      <object_component id="oc-fa">
         <name>.common:RxPutI</name>
         <uninitialized>true</uninitialized>
         <run_address>0x20000618</run_address>
         <size>0x4</size>
      </object_component>
      <object_component id="oc-fd">
         <name>.common:RxGetI</name>
         <uninitialized>true</uninitialized>
         <run_address>0x20000614</run_address>
         <size>0x4</size>
      </object_component>
      <object_component id="oc-fe">
         <name>.common:RxFifoLost</name>
         <uninitialized>true</uninitialized>
         <run_address>0x20000610</run_address>
         <size>0x4</size>
      </object_component>
      <object_component id="oc-ff">
         <name>.common:RxFIFO</name>
         <uninitialized>true</uninitialized>
         <run_address>0x20000400</run_address>
         <size>0x100</size>
      </object_component>
      <object_component id="oc-29">
         <name>.sysmem</name>
         <uninitialized>true</uninitialized>
         <run_address>0x20000000</run_address>
         <size>0x10</size>
         <input_file_ref idref="fl-e7"/>
      </object_component>
      <object_component id="oc-223">
         <name>.sysmem</name>
         <uninitialized>true</uninitialized>
         <run_address>0x20000000</run_address>
         <size>0x0</size>
      </object_component>
      <object_component id="oc-2c">
         <name>.stack</name>
         <uninitialized>true</uninitialized>
         <run_address>0x2000fe00</run_address>
         <size>0x4</size>
         <input_file_ref idref="fl-e8"/>
      </object_component>
      <object_component id="oc-222">
         <name>.stack</name>
         <uninitialized>true</uninitialized>
         <run_address>0x2000fe00</run_address>
         <size>0x0</size>
      </object_component>
      <object_component id="oc-197">
         <name>.debug_info</name>
         <load_address>0x0</load_address>
         <run_address>0x0</run_address>
         <size>0x52c</size>
         <input_file_ref idref="fl-2"/>
      </object_component>
      <object_component id="oc-176">
         <name>.debug_info</name>
         <load_address>0x52c</load_address>
         <run_address>0x52c</run_address>
         <size>0x37e2</size>
         <input_file_ref idref="fl-2"/>
      </object_component>
      <object_component id="oc-110">
         <name>.debug_info</name>
         <load_address>0x3d0e</load_address>
         <run_address>0x3d0e</run_address>
         <size>0x26b</size>
         <input_file_ref idref="fl-2"/>
      </object_component>
      <object_component id="oc-17b">
         <name>.debug_info</name>
         <load_address>0x3f79</load_address>
         <run_address>0x3f79</run_address>
         <size>0x1055</size>
         <input_file_ref idref="fl-2"/>
      </object_component>
      <object_component id="oc-35">
         <name>.debug_info</name>
         <load_address>0x4fce</load_address>
         <run_address>0x4fce</run_address>
         <size>0x84</size>
         <input_file_ref idref="fl-2"/>
      </object_component>
      <object_component id="oc-180">
         <name>.debug_info</name>
         <load_address>0x5052</load_address>
         <run_address>0x5052</run_address>
         <size>0x2a4</size>
         <input_file_ref idref="fl-2"/>
      </object_component>
      <object_component id="oc-e1">
         <name>.debug_info</name>
         <load_address>0x52f6</load_address>
         <run_address>0x52f6</run_address>
         <size>0xbb</size>
         <input_file_ref idref="fl-2"/>
      </object_component>
      <object_component id="oc-f6">
         <name>.debug_info</name>
         <load_address>0x53b1</load_address>
         <run_address>0x53b1</run_address>
         <size>0x678</size>
         <input_file_ref idref="fl-7"/>
      </object_component>
      <object_component id="oc-8c">
         <name>.debug_info</name>
         <load_address>0x5a29</load_address>
         <run_address>0x5a29</run_address>
         <size>0xdb3</size>
         <input_file_ref idref="fl-7"/>
      </object_component>
      <object_component id="oc-18c">
         <name>.debug_info</name>
         <load_address>0x67dc</load_address>
         <run_address>0x67dc</run_address>
         <size>0x296</size>
         <input_file_ref idref="fl-8"/>
      </object_component>
      <object_component id="oc-f1">
         <name>.debug_info</name>
         <load_address>0x6a72</load_address>
         <run_address>0x6a72</run_address>
         <size>0x3e9</size>
         <input_file_ref idref="fl-8"/>
      </object_component>
      <object_component id="oc-ee">
         <name>.debug_info</name>
         <load_address>0x6e5b</load_address>
         <run_address>0x6e5b</run_address>
         <size>0x542</size>
         <input_file_ref idref="fl-14"/>
      </object_component>
      <object_component id="oc-83">
         <name>.debug_info</name>
         <load_address>0x739d</load_address>
         <run_address>0x739d</run_address>
         <size>0x2bf</size>
         <input_file_ref idref="fl-14"/>
      </object_component>
      <object_component id="oc-102">
         <name>.debug_info</name>
         <load_address>0x765c</load_address>
         <run_address>0x765c</run_address>
         <size>0x581</size>
         <input_file_ref idref="fl-15"/>
      </object_component>
      <object_component id="oc-105">
         <name>.debug_info</name>
         <load_address>0x7bdd</load_address>
         <run_address>0x7bdd</run_address>
         <size>0x165</size>
         <input_file_ref idref="fl-15"/>
      </object_component>
      <object_component id="oc-98">
         <name>.debug_info</name>
         <load_address>0x7d42</load_address>
         <run_address>0x7d42</run_address>
         <size>0x11ea</size>
         <input_file_ref idref="fl-15"/>
      </object_component>
      <object_component id="oc-109">
         <name>.debug_info</name>
         <load_address>0x8f2c</load_address>
         <run_address>0x8f2c</run_address>
         <size>0xb4</size>
         <input_file_ref idref="fl-15"/>
      </object_component>
      <object_component id="oc-de">
         <name>.debug_info</name>
         <load_address>0x8fe0</load_address>
         <run_address>0x8fe0</run_address>
         <size>0x557</size>
         <input_file_ref idref="fl-17"/>
      </object_component>
      <object_component id="oc-73">
         <name>.debug_info</name>
         <load_address>0x9537</load_address>
         <run_address>0x9537</run_address>
         <size>0x208</size>
         <input_file_ref idref="fl-17"/>
      </object_component>
      <object_component id="oc-e7">
         <name>.debug_info</name>
         <load_address>0x973f</load_address>
         <run_address>0x973f</run_address>
         <size>0x557</size>
         <input_file_ref idref="fl-18"/>
      </object_component>
      <object_component id="oc-77">
         <name>.debug_info</name>
         <load_address>0x9c96</load_address>
         <run_address>0x9c96</run_address>
         <size>0x201</size>
         <input_file_ref idref="fl-18"/>
      </object_component>
      <object_component id="oc-ea">
         <name>.debug_info</name>
         <load_address>0x9e97</load_address>
         <run_address>0x9e97</run_address>
         <size>0x557</size>
         <input_file_ref idref="fl-19"/>
      </object_component>
      <object_component id="oc-80">
         <name>.debug_info</name>
         <load_address>0xa3ee</load_address>
         <run_address>0xa3ee</run_address>
         <size>0x208</size>
         <input_file_ref idref="fl-19"/>
      </object_component>
      <object_component id="oc-fb">
         <name>.debug_info</name>
         <load_address>0xa5f6</load_address>
         <run_address>0xa5f6</run_address>
         <size>0x5b7</size>
         <input_file_ref idref="fl-1b"/>
      </object_component>
      <object_component id="oc-8f">
         <name>.debug_info</name>
         <load_address>0xabad</load_address>
         <run_address>0xabad</run_address>
         <size>0x4c8</size>
         <input_file_ref idref="fl-1b"/>
      </object_component>
      <object_component id="oc-c6">
         <name>.debug_info</name>
         <load_address>0xb075</load_address>
         <run_address>0xb075</run_address>
         <size>0xf9</size>
         <input_file_ref idref="fl-1d"/>
      </object_component>
      <object_component id="oc-9c">
         <name>.debug_info</name>
         <load_address>0xb16e</load_address>
         <run_address>0xb16e</run_address>
         <size>0x2c5</size>
         <input_file_ref idref="fl-1e"/>
      </object_component>
      <object_component id="oc-27">
         <name>.debug_info</name>
         <load_address>0xb433</load_address>
         <run_address>0xb433</run_address>
         <size>0xf1</size>
         <input_file_ref idref="fl-1e"/>
      </object_component>
      <object_component id="oc-6c">
         <name>.debug_info</name>
         <load_address>0xb524</load_address>
         <run_address>0xb524</run_address>
         <size>0x1b8</size>
         <input_file_ref idref="fl-1e"/>
      </object_component>
      <object_component id="oc-171">
         <name>.debug_info</name>
         <load_address>0xb6dc</load_address>
         <run_address>0xb6dc</run_address>
         <size>0xea</size>
         <input_file_ref idref="fl-1f"/>
      </object_component>
      <object_component id="oc-d7">
         <name>.debug_info</name>
         <load_address>0xb7c6</load_address>
         <run_address>0xb7c6</run_address>
         <size>0x25c</size>
         <input_file_ref idref="fl-1f"/>
      </object_component>
      <object_component id="oc-117">
         <name>.debug_info</name>
         <load_address>0xba22</load_address>
         <run_address>0xba22</run_address>
         <size>0x2c</size>
         <input_file_ref idref="fl-d9"/>
      </object_component>
      <object_component id="oc-b7">
         <name>.debug_info</name>
         <load_address>0xba4e</load_address>
         <run_address>0xba4e</run_address>
         <size>0x2d4</size>
         <input_file_ref idref="fl-e1"/>
      </object_component>
      <object_component id="oc-48">
         <name>.debug_info</name>
         <load_address>0xbd22</load_address>
         <run_address>0xbd22</run_address>
         <size>0x1d2</size>
         <input_file_ref idref="fl-e1"/>
      </object_component>
      <object_component id="oc-b2">
         <name>.debug_info</name>
         <load_address>0xbef4</load_address>
         <run_address>0xbef4</run_address>
         <size>0x46</size>
         <input_file_ref idref="fl-e1"/>
      </object_component>
      <object_component id="oc-128">
         <name>.debug_info</name>
         <load_address>0xbf3a</load_address>
         <run_address>0xbf3a</run_address>
         <size>0x2c</size>
         <input_file_ref idref="fl-e1"/>
      </object_component>
      <object_component id="oc-45">
         <name>.debug_info</name>
         <load_address>0xbf66</load_address>
         <run_address>0xbf66</run_address>
         <size>0x2a8</size>
         <input_file_ref idref="fl-e2"/>
      </object_component>
      <object_component id="oc-21">
         <name>.debug_info</name>
         <load_address>0xc20e</load_address>
         <run_address>0xc20e</run_address>
         <size>0x1ea</size>
         <input_file_ref idref="fl-e2"/>
      </object_component>
      <object_component id="oc-40">
         <name>.debug_info</name>
         <load_address>0xc3f8</load_address>
         <run_address>0xc3f8</run_address>
         <size>0x46</size>
         <input_file_ref idref="fl-e2"/>
      </object_component>
      <object_component id="oc-aa">
         <name>.debug_info</name>
         <load_address>0xc43e</load_address>
         <run_address>0xc43e</run_address>
         <size>0x2c</size>
         <input_file_ref idref="fl-e2"/>
      </object_component>
      <object_component id="oc-a8">
         <name>.debug_info</name>
         <load_address>0xc46a</load_address>
         <run_address>0xc46a</run_address>
         <size>0x29e</size>
         <input_file_ref idref="fl-e3"/>
      </object_component>
      <object_component id="oc-19">
         <name>.debug_info</name>
         <load_address>0xc708</load_address>
         <run_address>0xc708</run_address>
         <size>0x250</size>
         <input_file_ref idref="fl-e3"/>
      </object_component>
      <object_component id="oc-30">
         <name>.debug_info</name>
         <load_address>0xc958</load_address>
         <run_address>0xc958</run_address>
         <size>0x60</size>
         <input_file_ref idref="fl-e3"/>
      </object_component>
      <object_component id="oc-121">
         <name>.debug_info</name>
         <load_address>0xc9b8</load_address>
         <run_address>0xc9b8</run_address>
         <size>0x46</size>
         <input_file_ref idref="fl-e3"/>
      </object_component>
      <object_component id="oc-a3">
         <name>.debug_info</name>
         <load_address>0xc9fe</load_address>
         <run_address>0xc9fe</run_address>
         <size>0x39</size>
         <input_file_ref idref="fl-e3"/>
      </object_component>
      <object_component id="oc-134">
         <name>.debug_info</name>
         <load_address>0xca37</load_address>
         <run_address>0xca37</run_address>
         <size>0x122</size>
         <input_file_ref idref="fl-e4"/>
      </object_component>
      <object_component id="oc-9f">
         <name>.debug_info</name>
         <load_address>0xcb59</load_address>
         <run_address>0xcb59</run_address>
         <size>0x3b2</size>
         <input_file_ref idref="fl-e7"/>
      </object_component>
      <object_component id="oc-2a">
         <name>.debug_info</name>
         <load_address>0xcf0b</load_address>
         <run_address>0xcf0b</run_address>
         <size>0x10c</size>
         <input_file_ref idref="fl-e7"/>
      </object_component>
      <object_component id="oc-11c">
         <name>.debug_info</name>
         <load_address>0xd017</load_address>
         <run_address>0xd017</run_address>
         <size>0xb2</size>
         <input_file_ref idref="fl-e7"/>
      </object_component>
      <object_component id="oc-2d">
         <name>.debug_info</name>
         <load_address>0xd0c9</load_address>
         <run_address>0xd0c9</run_address>
         <size>0x10b</size>
         <input_file_ref idref="fl-e8"/>
      </object_component>
      <object_component id="oc-59">
         <name>.debug_info</name>
         <load_address>0xd1d4</load_address>
         <run_address>0xd1d4</run_address>
         <size>0x1a9</size>
         <input_file_ref idref="fl-e8"/>
      </object_component>
      <object_component id="oc-3b">
         <name>.debug_info</name>
         <load_address>0xd37d</load_address>
         <run_address>0xd37d</run_address>
         <size>0x119</size>
         <input_file_ref idref="fl-ee"/>
      </object_component>
      <object_component id="oc-1a3">
         <name>.debug_info</name>
         <load_address>0xd496</load_address>
         <run_address>0xd496</run_address>
         <size>0x4b3</size>
         <input_file_ref idref="fl-ef"/>
      </object_component>
      <object_component id="oc-13f">
         <name>.debug_info</name>
         <load_address>0xd949</load_address>
         <run_address>0xd949</run_address>
         <size>0x1a6</size>
         <input_file_ref idref="fl-ef"/>
      </object_component>
      <object_component id="oc-1ce">
         <name>.debug_info</name>
         <load_address>0xdaef</load_address>
         <run_address>0xdaef</run_address>
         <size>0x39</size>
         <input_file_ref idref="fl-ef"/>
      </object_component>
      <object_component id="oc-1e2">
         <name>.debug_info</name>
         <load_address>0xdb28</load_address>
         <run_address>0xdb28</run_address>
         <size>0x39</size>
         <input_file_ref idref="fl-ef"/>
      </object_component>
      <object_component id="oc-1d3">
         <name>.debug_info</name>
         <load_address>0xdb61</load_address>
         <run_address>0xdb61</run_address>
         <size>0x39</size>
         <input_file_ref idref="fl-ef"/>
      </object_component>
      <object_component id="oc-1d8">
         <name>.debug_info</name>
         <load_address>0xdb9a</load_address>
         <run_address>0xdb9a</run_address>
         <size>0xcd</size>
         <input_file_ref idref="fl-ef"/>
      </object_component>
      <object_component id="oc-c2">
         <name>.debug_info</name>
         <load_address>0xdc67</load_address>
         <run_address>0xdc67</run_address>
         <size>0x153</size>
         <input_file_ref idref="fl-f0"/>
      </object_component>
      <object_component id="oc-224">
         <name>.debug_info</name>
         <load_address>0xddba</load_address>
         <run_address>0xddba</run_address>
         <size>0x9d</size>
      </object_component>
      <object_component id="oc-1bd">
         <name>.debug_line</name>
         <load_address>0x0</load_address>
         <run_address>0x0</run_address>
         <size>0x20</size>
         <input_file_ref idref="fl-2"/>
      </object_component>
      <object_component id="oc-179">
         <name>.debug_line</name>
         <load_address>0x20</load_address>
         <run_address>0x20</run_address>
         <size>0x58</size>
         <input_file_ref idref="fl-2"/>
      </object_component>
      <object_component id="oc-113">
         <name>.debug_line</name>
         <load_address>0x78</load_address>
         <run_address>0x78</run_address>
         <size>0x6f</size>
         <input_file_ref idref="fl-2"/>
      </object_component>
      <object_component id="oc-17e">
         <name>.debug_line</name>
         <load_address>0xe7</load_address>
         <run_address>0xe7</run_address>
         <size>0x5b</size>
         <input_file_ref idref="fl-2"/>
      </object_component>
      <object_component id="oc-38">
         <name>.debug_line</name>
         <load_address>0x142</load_address>
         <run_address>0x142</run_address>
         <size>0x20</size>
         <input_file_ref idref="fl-2"/>
      </object_component>
      <object_component id="oc-183">
         <name>.debug_line</name>
         <load_address>0x162</load_address>
         <run_address>0x162</run_address>
         <size>0x73</size>
         <input_file_ref idref="fl-2"/>
      </object_component>
      <object_component id="oc-e4">
         <name>.debug_line</name>
         <load_address>0x1d5</load_address>
         <run_address>0x1d5</run_address>
         <size>0x70</size>
         <input_file_ref idref="fl-2"/>
      </object_component>
      <object_component id="oc-190">
         <name>.debug_line</name>
         <load_address>0x245</load_address>
         <run_address>0x245</run_address>
         <size>0x45</size>
         <input_file_ref idref="fl-7"/>
      </object_component>
      <object_component id="oc-89">
         <name>.debug_line</name>
         <load_address>0x28a</load_address>
         <run_address>0x28a</run_address>
         <size>0x366</size>
         <input_file_ref idref="fl-7"/>
      </object_component>
      <object_component id="oc-1bb">
         <name>.debug_line</name>
         <load_address>0x5f0</load_address>
         <run_address>0x5f0</run_address>
         <size>0x2e</size>
         <input_file_ref idref="fl-8"/>
      </object_component>
      <object_component id="oc-f4">
         <name>.debug_line</name>
         <load_address>0x61e</load_address>
         <run_address>0x61e</run_address>
         <size>0x10c</size>
         <input_file_ref idref="fl-8"/>
      </object_component>
      <object_component id="oc-18a">
         <name>.debug_line</name>
         <load_address>0x72a</load_address>
         <run_address>0x72a</run_address>
         <size>0x20</size>
         <input_file_ref idref="fl-14"/>
      </object_component>
      <object_component id="oc-86">
         <name>.debug_line</name>
         <load_address>0x74a</load_address>
         <run_address>0x74a</run_address>
         <size>0x94</size>
         <input_file_ref idref="fl-14"/>
      </object_component>
      <object_component id="oc-194">
         <name>.debug_line</name>
         <load_address>0x7de</load_address>
         <run_address>0x7de</run_address>
         <size>0x2e</size>
         <input_file_ref idref="fl-15"/>
      </object_component>
      <object_component id="oc-196">
         <name>.debug_line</name>
         <load_address>0x80c</load_address>
         <run_address>0x80c</run_address>
         <size>0x2e</size>
         <input_file_ref idref="fl-15"/>
      </object_component>
      <object_component id="oc-96">
         <name>.debug_line</name>
         <load_address>0x83a</load_address>
         <run_address>0x83a</run_address>
         <size>0x5a1</size>
         <input_file_ref idref="fl-15"/>
      </object_component>
      <object_component id="oc-10c">
         <name>.debug_line</name>
         <load_address>0xddb</load_address>
         <run_address>0xddb</run_address>
         <size>0x35</size>
         <input_file_ref idref="fl-15"/>
      </object_component>
      <object_component id="oc-175">
         <name>.debug_line</name>
         <load_address>0xe10</load_address>
         <run_address>0xe10</run_address>
         <size>0x30</size>
         <input_file_ref idref="fl-17"/>
      </object_component>
      <object_component id="oc-71">
         <name>.debug_line</name>
         <load_address>0xe40</load_address>
         <run_address>0xe40</run_address>
         <size>0x87</size>
         <input_file_ref idref="fl-17"/>
      </object_component>
      <object_component id="oc-186">
         <name>.debug_line</name>
         <load_address>0xec7</load_address>
         <run_address>0xec7</run_address>
         <size>0x30</size>
         <input_file_ref idref="fl-18"/>
      </object_component>
      <object_component id="oc-7b">
         <name>.debug_line</name>
         <load_address>0xef7</load_address>
         <run_address>0xef7</run_address>
         <size>0x74</size>
         <input_file_ref idref="fl-18"/>
      </object_component>
      <object_component id="oc-188">
         <name>.debug_line</name>
         <load_address>0xf6b</load_address>
         <run_address>0xf6b</run_address>
         <size>0x30</size>
         <input_file_ref idref="fl-19"/>
      </object_component>
      <object_component id="oc-7d">
         <name>.debug_line</name>
         <load_address>0xf9b</load_address>
         <run_address>0xf9b</run_address>
         <size>0x87</size>
         <input_file_ref idref="fl-19"/>
      </object_component>
      <object_component id="oc-192">
         <name>.debug_line</name>
         <load_address>0x1022</load_address>
         <run_address>0x1022</run_address>
         <size>0x2e</size>
         <input_file_ref idref="fl-1b"/>
      </object_component>
      <object_component id="oc-92">
         <name>.debug_line</name>
         <load_address>0x1050</load_address>
         <run_address>0x1050</run_address>
         <size>0x16d</size>
         <input_file_ref idref="fl-1b"/>
      </object_component>
      <object_component id="oc-c9">
         <name>.debug_line</name>
         <load_address>0x11bd</load_address>
         <run_address>0x11bd</run_address>
         <size>0x42</size>
         <input_file_ref idref="fl-1d"/>
      </object_component>
      <object_component id="oc-10f">
         <name>.debug_line</name>
         <load_address>0x11ff</load_address>
         <run_address>0x11ff</run_address>
         <size>0x40</size>
         <input_file_ref idref="fl-1e"/>
      </object_component>
      <object_component id="oc-9b">
         <name>.debug_line</name>
         <load_address>0x123f</load_address>
         <run_address>0x123f</run_address>
         <size>0x40</size>
         <input_file_ref idref="fl-1e"/>
      </object_component>
      <object_component id="oc-6b">
         <name>.debug_line</name>
         <load_address>0x127f</load_address>
         <run_address>0x127f</run_address>
         <size>0x71</size>
         <input_file_ref idref="fl-1e"/>
      </object_component>
      <object_component id="oc-1b9">
         <name>.debug_line</name>
         <load_address>0x12f0</load_address>
         <run_address>0x12f0</run_address>
         <size>0x3b</size>
         <input_file_ref idref="fl-1f"/>
      </object_component>
      <object_component id="oc-db">
         <name>.debug_line</name>
         <load_address>0x132b</load_address>
         <run_address>0x132b</run_address>
         <size>0x121</size>
         <input_file_ref idref="fl-1f"/>
      </object_component>
      <object_component id="oc-11a">
         <name>.debug_line</name>
         <load_address>0x144c</load_address>
         <run_address>0x144c</run_address>
         <size>0x92</size>
         <input_file_ref idref="fl-d9"/>
      </object_component>
      <object_component id="oc-12e">
         <name>.debug_line</name>
         <load_address>0x14de</load_address>
         <run_address>0x14de</run_address>
         <size>0x92</size>
         <input_file_ref idref="fl-e1"/>
      </object_component>
      <object_component id="oc-4a">
         <name>.debug_line</name>
         <load_address>0x1570</load_address>
         <run_address>0x1570</run_address>
         <size>0x56</size>
         <input_file_ref idref="fl-e1"/>
      </object_component>
      <object_component id="oc-b5">
         <name>.debug_line</name>
         <load_address>0x15c6</load_address>
         <run_address>0x15c6</run_address>
         <size>0x34</size>
         <input_file_ref idref="fl-e1"/>
      </object_component>
      <object_component id="oc-12b">
         <name>.debug_line</name>
         <load_address>0x15fa</load_address>
         <run_address>0x15fa</run_address>
         <size>0x92</size>
         <input_file_ref idref="fl-e1"/>
      </object_component>
      <object_component id="oc-b0">
         <name>.debug_line</name>
         <load_address>0x168c</load_address>
         <run_address>0x168c</run_address>
         <size>0x20</size>
         <input_file_ref idref="fl-e2"/>
      </object_component>
      <object_component id="oc-1e">
         <name>.debug_line</name>
         <load_address>0x16ac</load_address>
         <run_address>0x16ac</run_address>
         <size>0x55</size>
         <input_file_ref idref="fl-e2"/>
      </object_component>
      <object_component id="oc-43">
         <name>.debug_line</name>
         <load_address>0x1701</load_address>
         <run_address>0x1701</run_address>
         <size>0x3a</size>
         <input_file_ref idref="fl-e2"/>
      </object_component>
      <object_component id="oc-ad">
         <name>.debug_line</name>
         <load_address>0x173b</load_address>
         <run_address>0x173b</run_address>
         <size>0x92</size>
         <input_file_ref idref="fl-e2"/>
      </object_component>
      <object_component id="oc-127">
         <name>.debug_line</name>
         <load_address>0x17cd</load_address>
         <run_address>0x17cd</run_address>
         <size>0x20</size>
         <input_file_ref idref="fl-e3"/>
      </object_component>
      <object_component id="oc-1c">
         <name>.debug_line</name>
         <load_address>0x17ed</load_address>
         <run_address>0x17ed</run_address>
         <size>0xa9</size>
         <input_file_ref idref="fl-e3"/>
      </object_component>
      <object_component id="oc-33">
         <name>.debug_line</name>
         <load_address>0x1896</load_address>
         <run_address>0x1896</run_address>
         <size>0x3a</size>
         <input_file_ref idref="fl-e3"/>
      </object_component>
      <object_component id="oc-124">
         <name>.debug_line</name>
         <load_address>0x18d0</load_address>
         <run_address>0x18d0</run_address>
         <size>0x9a</size>
         <input_file_ref idref="fl-e3"/>
      </object_component>
      <object_component id="oc-a6">
         <name>.debug_line</name>
         <load_address>0x196a</load_address>
         <run_address>0x196a</run_address>
         <size>0x96</size>
         <input_file_ref idref="fl-e3"/>
      </object_component>
      <object_component id="oc-133">
         <name>.debug_line</name>
         <load_address>0x1a00</load_address>
         <run_address>0x1a00</run_address>
         <size>0x3c</size>
         <input_file_ref idref="fl-e4"/>
      </object_component>
      <object_component id="oc-116">
         <name>.debug_line</name>
         <load_address>0x1a3c</load_address>
         <run_address>0x1a3c</run_address>
         <size>0x10f</size>
         <input_file_ref idref="fl-e7"/>
      </object_component>
      <object_component id="oc-9e">
         <name>.debug_line</name>
         <load_address>0x1b4b</load_address>
         <run_address>0x1b4b</run_address>
         <size>0x2c</size>
         <input_file_ref idref="fl-e7"/>
      </object_component>
      <object_component id="oc-11f">
         <name>.debug_line</name>
         <load_address>0x1b77</load_address>
         <run_address>0x1b77</run_address>
         <size>0x2c</size>
         <input_file_ref idref="fl-e7"/>
      </object_component>
      <object_component id="oc-a2">
         <name>.debug_line</name>
         <load_address>0x1ba3</load_address>
         <run_address>0x1ba3</run_address>
         <size>0x33</size>
         <input_file_ref idref="fl-e8"/>
      </object_component>
      <object_component id="oc-5d">
         <name>.debug_line</name>
         <load_address>0x1bd6</load_address>
         <run_address>0x1bd6</run_address>
         <size>0x45</size>
         <input_file_ref idref="fl-e8"/>
      </object_component>
      <object_component id="oc-3e">
         <name>.debug_line</name>
         <load_address>0x1c1b</load_address>
         <run_address>0x1c1b</run_address>
         <size>0x88</size>
         <input_file_ref idref="fl-ee"/>
      </object_component>
      <object_component id="oc-1cd">
         <name>.debug_line</name>
         <load_address>0x1ca3</load_address>
         <run_address>0x1ca3</run_address>
         <size>0xbf</size>
         <input_file_ref idref="fl-ef"/>
      </object_component>
      <object_component id="oc-143">
         <name>.debug_line</name>
         <load_address>0x1d62</load_address>
         <run_address>0x1d62</run_address>
         <size>0x6f</size>
         <input_file_ref idref="fl-ef"/>
      </object_component>
      <object_component id="oc-1d1">
         <name>.debug_line</name>
         <load_address>0x1dd1</load_address>
         <run_address>0x1dd1</run_address>
         <size>0x2e</size>
         <input_file_ref idref="fl-ef"/>
      </object_component>
      <object_component id="oc-1e5">
         <name>.debug_line</name>
         <load_address>0x1dff</load_address>
         <run_address>0x1dff</run_address>
         <size>0x9a</size>
         <input_file_ref idref="fl-ef"/>
      </object_component>
      <object_component id="oc-1d6">
         <name>.debug_line</name>
         <load_address>0x1e99</load_address>
         <run_address>0x1e99</run_address>
         <size>0x97</size>
         <input_file_ref idref="fl-ef"/>
      </object_component>
      <object_component id="oc-1db">
         <name>.debug_line</name>
         <load_address>0x1f30</load_address>
         <run_address>0x1f30</run_address>
         <size>0x93</size>
         <input_file_ref idref="fl-ef"/>
      </object_component>
      <object_component id="oc-bf">
         <name>.debug_line</name>
         <load_address>0x1fc3</load_address>
         <run_address>0x1fc3</run_address>
         <size>0x40</size>
         <input_file_ref idref="fl-f0"/>
      </object_component>
      <object_component id="oc-1bc">
         <name>.debug_abbrev</name>
         <load_address>0x0</load_address>
         <run_address>0x0</run_address>
         <size>0x71</size>
         <input_file_ref idref="fl-2"/>
      </object_component>
      <object_component id="oc-178">
         <name>.debug_abbrev</name>
         <load_address>0x71</load_address>
         <run_address>0x71</run_address>
         <size>0xbd</size>
         <input_file_ref idref="fl-2"/>
      </object_component>
      <object_component id="oc-112">
         <name>.debug_abbrev</name>
         <load_address>0x12e</load_address>
         <run_address>0x12e</run_address>
         <size>0x69</size>
         <input_file_ref idref="fl-2"/>
      </object_component>
      <object_component id="oc-17d">
         <name>.debug_abbrev</name>
         <load_address>0x197</load_address>
         <run_address>0x197</run_address>
         <size>0x97</size>
         <input_file_ref idref="fl-2"/>
      </object_component>
      <object_component id="oc-37">
         <name>.debug_abbrev</name>
         <load_address>0x22e</load_address>
         <run_address>0x22e</run_address>
         <size>0x1f</size>
         <input_file_ref idref="fl-2"/>
      </object_component>
      <object_component id="oc-182">
         <name>.debug_abbrev</name>
         <load_address>0x24d</load_address>
         <run_address>0x24d</run_address>
         <size>0x5c</size>
         <input_file_ref idref="fl-2"/>
      </object_component>
      <object_component id="oc-e3">
         <name>.debug_abbrev</name>
         <load_address>0x2a9</load_address>
         <run_address>0x2a9</run_address>
         <size>0x24</size>
         <input_file_ref idref="fl-2"/>
      </object_component>
      <object_component id="oc-18f">
         <name>.debug_abbrev</name>
         <load_address>0x2cd</load_address>
         <run_address>0x2cd</run_address>
         <size>0xd7</size>
         <input_file_ref idref="fl-7"/>
      </object_component>
      <object_component id="oc-f9">
         <name>.debug_abbrev</name>
         <load_address>0x3a4</load_address>
         <run_address>0x3a4</run_address>
         <size>0x15d</size>
         <input_file_ref idref="fl-7"/>
      </object_component>
      <object_component id="oc-1ba">
         <name>.debug_abbrev</name>
         <load_address>0x501</load_address>
         <run_address>0x501</run_address>
         <size>0x51</size>
         <input_file_ref idref="fl-8"/>
      </object_component>
      <object_component id="oc-18e">
         <name>.debug_abbrev</name>
         <load_address>0x552</load_address>
         <run_address>0x552</run_address>
         <size>0xa9</size>
         <input_file_ref idref="fl-8"/>
      </object_component>
      <object_component id="oc-189">
         <name>.debug_abbrev</name>
         <load_address>0x5fb</load_address>
         <run_address>0x5fb</run_address>
         <size>0x8a</size>
         <input_file_ref idref="fl-14"/>
      </object_component>
      <object_component id="oc-ed">
         <name>.debug_abbrev</name>
         <load_address>0x685</load_address>
         <run_address>0x685</run_address>
         <size>0x6c</size>
         <input_file_ref idref="fl-14"/>
      </object_component>
      <object_component id="oc-193">
         <name>.debug_abbrev</name>
         <load_address>0x6f1</load_address>
         <run_address>0x6f1</run_address>
         <size>0x97</size>
         <input_file_ref idref="fl-15"/>
      </object_component>
      <object_component id="oc-195">
         <name>.debug_abbrev</name>
         <load_address>0x788</load_address>
         <run_address>0x788</run_address>
         <size>0x29</size>
         <input_file_ref idref="fl-15"/>
      </object_component>
      <object_component id="oc-108">
         <name>.debug_abbrev</name>
         <load_address>0x7b1</load_address>
         <run_address>0x7b1</run_address>
         <size>0x112</size>
         <input_file_ref idref="fl-15"/>
      </object_component>
      <object_component id="oc-10b">
         <name>.debug_abbrev</name>
         <load_address>0x8c3</load_address>
         <run_address>0x8c3</run_address>
         <size>0x33</size>
         <input_file_ref idref="fl-15"/>
      </object_component>
      <object_component id="oc-174">
         <name>.debug_abbrev</name>
         <load_address>0x8f6</load_address>
         <run_address>0x8f6</run_address>
         <size>0x97</size>
         <input_file_ref idref="fl-17"/>
      </object_component>
      <object_component id="oc-e0">
         <name>.debug_abbrev</name>
         <load_address>0x98d</load_address>
         <run_address>0x98d</run_address>
         <size>0x7b</size>
         <input_file_ref idref="fl-17"/>
      </object_component>
      <object_component id="oc-185">
         <name>.debug_abbrev</name>
         <load_address>0xa08</load_address>
         <run_address>0xa08</run_address>
         <size>0x97</size>
         <input_file_ref idref="fl-18"/>
      </object_component>
      <object_component id="oc-e6">
         <name>.debug_abbrev</name>
         <load_address>0xa9f</load_address>
         <run_address>0xa9f</run_address>
         <size>0x6c</size>
         <input_file_ref idref="fl-18"/>
      </object_component>
      <object_component id="oc-187">
         <name>.debug_abbrev</name>
         <load_address>0xb0b</load_address>
         <run_address>0xb0b</run_address>
         <size>0x97</size>
         <input_file_ref idref="fl-19"/>
      </object_component>
      <object_component id="oc-ec">
         <name>.debug_abbrev</name>
         <load_address>0xba2</load_address>
         <run_address>0xba2</run_address>
         <size>0x7b</size>
         <input_file_ref idref="fl-19"/>
      </object_component>
      <object_component id="oc-191">
         <name>.debug_abbrev</name>
         <load_address>0xc1d</load_address>
         <run_address>0xc1d</run_address>
         <size>0x9d</size>
         <input_file_ref idref="fl-1b"/>
      </object_component>
      <object_component id="oc-100">
         <name>.debug_abbrev</name>
         <load_address>0xcba</load_address>
         <run_address>0xcba</run_address>
         <size>0xa9</size>
         <input_file_ref idref="fl-1b"/>
      </object_component>
      <object_component id="oc-131">
         <name>.debug_abbrev</name>
         <load_address>0xd63</load_address>
         <run_address>0xd63</run_address>
         <size>0x50</size>
         <input_file_ref idref="fl-1d"/>
      </object_component>
      <object_component id="oc-10e">
         <name>.debug_abbrev</name>
         <load_address>0xdb3</load_address>
         <run_address>0xdb3</run_address>
         <size>0x7c</size>
         <input_file_ref idref="fl-1e"/>
      </object_component>
      <object_component id="oc-9a">
         <name>.debug_abbrev</name>
         <load_address>0xe2f</load_address>
         <run_address>0xe2f</run_address>
         <size>0x29</size>
         <input_file_ref idref="fl-1e"/>
      </object_component>
      <object_component id="oc-dc">
         <name>.debug_abbrev</name>
         <load_address>0xe58</load_address>
         <run_address>0xe58</run_address>
         <size>0x89</size>
         <input_file_ref idref="fl-1e"/>
      </object_component>
      <object_component id="oc-1b8">
         <name>.debug_abbrev</name>
         <load_address>0xee1</load_address>
         <run_address>0xee1</run_address>
         <size>0x29</size>
         <input_file_ref idref="fl-1f"/>
      </object_component>
      <object_component id="oc-173">
         <name>.debug_abbrev</name>
         <load_address>0xf0a</load_address>
         <run_address>0xf0a</run_address>
         <size>0x8b</size>
         <input_file_ref idref="fl-1f"/>
      </object_component>
      <object_component id="oc-119">
         <name>.debug_abbrev</name>
         <load_address>0xf95</load_address>
         <run_address>0xf95</run_address>
         <size>0x24</size>
         <input_file_ref idref="fl-d9"/>
      </object_component>
      <object_component id="oc-12d">
         <name>.debug_abbrev</name>
         <load_address>0xfb9</load_address>
         <run_address>0xfb9</run_address>
         <size>0x5d</size>
         <input_file_ref idref="fl-e1"/>
      </object_component>
      <object_component id="oc-b1">
         <name>.debug_abbrev</name>
         <load_address>0x1016</load_address>
         <run_address>0x1016</run_address>
         <size>0x6f</size>
         <input_file_ref idref="fl-e1"/>
      </object_component>
      <object_component id="oc-b4">
         <name>.debug_abbrev</name>
         <load_address>0x1085</load_address>
         <run_address>0x1085</run_address>
         <size>0x24</size>
         <input_file_ref idref="fl-e1"/>
      </object_component>
      <object_component id="oc-12a">
         <name>.debug_abbrev</name>
         <load_address>0x10a9</load_address>
         <run_address>0x10a9</run_address>
         <size>0x24</size>
         <input_file_ref idref="fl-e1"/>
      </object_component>
      <object_component id="oc-af">
         <name>.debug_abbrev</name>
         <load_address>0x10cd</load_address>
         <run_address>0x10cd</run_address>
         <size>0x37</size>
         <input_file_ref idref="fl-e2"/>
      </object_component>
      <object_component id="oc-3f">
         <name>.debug_abbrev</name>
         <load_address>0x1104</load_address>
         <run_address>0x1104</run_address>
         <size>0x74</size>
         <input_file_ref idref="fl-e2"/>
      </object_component>
      <object_component id="oc-42">
         <name>.debug_abbrev</name>
         <load_address>0x1178</load_address>
         <run_address>0x1178</run_address>
         <size>0x24</size>
         <input_file_ref idref="fl-e2"/>
      </object_component>
      <object_component id="oc-ac">
         <name>.debug_abbrev</name>
         <load_address>0x119c</load_address>
         <run_address>0x119c</run_address>
         <size>0x24</size>
         <input_file_ref idref="fl-e2"/>
      </object_component>
      <object_component id="oc-126">
         <name>.debug_abbrev</name>
         <load_address>0x11c0</load_address>
         <run_address>0x11c0</run_address>
         <size>0x37</size>
         <input_file_ref idref="fl-e3"/>
      </object_component>
      <object_component id="oc-2f">
         <name>.debug_abbrev</name>
         <load_address>0x11f7</load_address>
         <run_address>0x11f7</run_address>
         <size>0x6f</size>
         <input_file_ref idref="fl-e3"/>
      </object_component>
      <object_component id="oc-32">
         <name>.debug_abbrev</name>
         <load_address>0x1266</load_address>
         <run_address>0x1266</run_address>
         <size>0x24</size>
         <input_file_ref idref="fl-e3"/>
      </object_component>
      <object_component id="oc-123">
         <name>.debug_abbrev</name>
         <load_address>0x128a</load_address>
         <run_address>0x128a</run_address>
         <size>0x35</size>
         <input_file_ref idref="fl-e3"/>
      </object_component>
      <object_component id="oc-a5">
         <name>.debug_abbrev</name>
         <load_address>0x12bf</load_address>
         <run_address>0x12bf</run_address>
         <size>0x24</size>
         <input_file_ref idref="fl-e3"/>
      </object_component>
      <object_component id="oc-198">
         <name>.debug_abbrev</name>
         <load_address>0x12e3</load_address>
         <run_address>0x12e3</run_address>
         <size>0x45</size>
         <input_file_ref idref="fl-e4"/>
      </object_component>
      <object_component id="oc-115">
         <name>.debug_abbrev</name>
         <load_address>0x1328</load_address>
         <run_address>0x1328</run_address>
         <size>0xd6</size>
         <input_file_ref idref="fl-e7"/>
      </object_component>
      <object_component id="oc-9d">
         <name>.debug_abbrev</name>
         <load_address>0x13fe</load_address>
         <run_address>0x13fe</run_address>
         <size>0x29</size>
         <input_file_ref idref="fl-e7"/>
      </object_component>
      <object_component id="oc-11e">
         <name>.debug_abbrev</name>
         <load_address>0x1427</load_address>
         <run_address>0x1427</run_address>
         <size>0x7f</size>
         <input_file_ref idref="fl-e7"/>
      </object_component>
      <object_component id="oc-a1">
         <name>.debug_abbrev</name>
         <load_address>0x14a6</load_address>
         <run_address>0x14a6</run_address>
         <size>0x29</size>
         <input_file_ref idref="fl-e8"/>
      </object_component>
      <object_component id="oc-cd">
         <name>.debug_abbrev</name>
         <load_address>0x14cf</load_address>
         <run_address>0x14cf</run_address>
         <size>0x55</size>
         <input_file_ref idref="fl-e8"/>
      </object_component>
      <object_component id="oc-a9">
         <name>.debug_abbrev</name>
         <load_address>0x1524</load_address>
         <run_address>0x1524</run_address>
         <size>0x3e</size>
         <input_file_ref idref="fl-ee"/>
      </object_component>
      <object_component id="oc-1cc">
         <name>.debug_abbrev</name>
         <load_address>0x1562</load_address>
         <run_address>0x1562</run_address>
         <size>0xc0</size>
         <input_file_ref idref="fl-ef"/>
      </object_component>
      <object_component id="oc-1a2">
         <name>.debug_abbrev</name>
         <load_address>0x1622</load_address>
         <run_address>0x1622</run_address>
         <size>0x7e</size>
         <input_file_ref idref="fl-ef"/>
      </object_component>
      <object_component id="oc-1d0">
         <name>.debug_abbrev</name>
         <load_address>0x16a0</load_address>
         <run_address>0x16a0</run_address>
         <size>0x24</size>
         <input_file_ref idref="fl-ef"/>
      </object_component>
      <object_component id="oc-1e4">
         <name>.debug_abbrev</name>
         <load_address>0x16c4</load_address>
         <run_address>0x16c4</run_address>
         <size>0x24</size>
         <input_file_ref idref="fl-ef"/>
      </object_component>
      <object_component id="oc-1d5">
         <name>.debug_abbrev</name>
         <load_address>0x16e8</load_address>
         <run_address>0x16e8</run_address>
         <size>0x24</size>
         <input_file_ref idref="fl-ef"/>
      </object_component>
      <object_component id="oc-1da">
         <name>.debug_abbrev</name>
         <load_address>0x170c</load_address>
         <run_address>0x170c</run_address>
         <size>0x4b</size>
         <input_file_ref idref="fl-ef"/>
      </object_component>
      <object_component id="oc-130">
         <name>.debug_abbrev</name>
         <load_address>0x1757</load_address>
         <run_address>0x1757</run_address>
         <size>0x55</size>
         <input_file_ref idref="fl-f0"/>
      </object_component>
      <object_component id="oc-225">
         <name>.debug_abbrev</name>
         <load_address>0x17ac</load_address>
         <run_address>0x17ac</run_address>
         <size>0xf</size>
      </object_component>
      <object_component id="oc-17a">
         <name>.debug_str</name>
         <load_address>0x0</load_address>
         <run_address>0x0</run_address>
         <size>0x15c7</size>
         <input_file_ref idref="fl-2"/>
      </object_component>
      <object_component id="oc-114">
         <name>.debug_str</name>
         <load_address>0x15c7</load_address>
         <run_address>0x15c7</run_address>
         <size>0x2ae</size>
         <input_file_ref idref="fl-2"/>
      </object_component>
      <object_component id="oc-17f">
         <name>.debug_str</name>
         <load_address>0x1875</load_address>
         <run_address>0x1875</run_address>
         <size>0x483</size>
         <input_file_ref idref="fl-2"/>
      </object_component>
      <object_component id="oc-39">
         <name>.debug_str</name>
         <load_address>0x1cf8</load_address>
         <run_address>0x1cf8</run_address>
         <size>0xfd</size>
         <input_file_ref idref="fl-2"/>
      </object_component>
      <object_component id="oc-184">
         <name>.debug_str</name>
         <load_address>0x1df5</load_address>
         <run_address>0x1df5</run_address>
         <size>0x344</size>
         <input_file_ref idref="fl-2"/>
      </object_component>
      <object_component id="oc-e5">
         <name>.debug_str</name>
         <load_address>0x2139</load_address>
         <run_address>0x2139</run_address>
         <size>0x146</size>
         <input_file_ref idref="fl-2"/>
      </object_component>
      <object_component id="oc-10d">
         <name>.debug_str</name>
         <load_address>0x227f</load_address>
         <run_address>0x227f</run_address>
         <size>0x1b2</size>
         <input_file_ref idref="fl-15"/>
      </object_component>
      <object_component id="oc-11b">
         <name>.debug_str</name>
         <load_address>0x2431</load_address>
         <run_address>0x2431</run_address>
         <size>0x140</size>
         <input_file_ref idref="fl-d9"/>
      </object_component>
      <object_component id="oc-b6">
         <name>.debug_str</name>
         <load_address>0x2571</load_address>
         <run_address>0x2571</run_address>
         <size>0x105</size>
         <input_file_ref idref="fl-e1"/>
      </object_component>
      <object_component id="oc-12c">
         <name>.debug_str</name>
         <load_address>0x2676</load_address>
         <run_address>0x2676</run_address>
         <size>0x140</size>
         <input_file_ref idref="fl-e1"/>
      </object_component>
      <object_component id="oc-44">
         <name>.debug_str</name>
         <load_address>0x27b6</load_address>
         <run_address>0x27b6</run_address>
         <size>0x10b</size>
         <input_file_ref idref="fl-e2"/>
      </object_component>
      <object_component id="oc-ae">
         <name>.debug_str</name>
         <load_address>0x28c1</load_address>
         <run_address>0x28c1</run_address>
         <size>0x140</size>
         <input_file_ref idref="fl-e2"/>
      </object_component>
      <object_component id="oc-34">
         <name>.debug_str</name>
         <load_address>0x2a01</load_address>
         <run_address>0x2a01</run_address>
         <size>0x118</size>
         <input_file_ref idref="fl-e3"/>
      </object_component>
      <object_component id="oc-125">
         <name>.debug_str</name>
         <load_address>0x2b19</load_address>
         <run_address>0x2b19</run_address>
         <size>0x16b</size>
         <input_file_ref idref="fl-e3"/>
      </object_component>
      <object_component id="oc-a7">
         <name>.debug_str</name>
         <load_address>0x2c84</load_address>
         <run_address>0x2c84</run_address>
         <size>0x158</size>
         <input_file_ref idref="fl-e3"/>
      </object_component>
      <object_component id="oc-120">
         <name>.debug_str</name>
         <load_address>0x2ddc</load_address>
         <run_address>0x2ddc</run_address>
         <size>0x10a</size>
         <input_file_ref idref="fl-e7"/>
      </object_component>
      <object_component id="oc-1d2">
         <name>.debug_str</name>
         <load_address>0x2ee6</load_address>
         <run_address>0x2ee6</run_address>
         <size>0xed</size>
         <input_file_ref idref="fl-ef"/>
      </object_component>
      <object_component id="oc-1e6">
         <name>.debug_str</name>
         <load_address>0x2fd3</load_address>
         <run_address>0x2fd3</run_address>
         <size>0x157</size>
         <input_file_ref idref="fl-ef"/>
      </object_component>
      <object_component id="oc-1d7">
         <name>.debug_str</name>
         <load_address>0x312a</load_address>
         <run_address>0x312a</run_address>
         <size>0x150</size>
         <input_file_ref idref="fl-ef"/>
      </object_component>
      <object_component id="oc-1dc">
         <name>.debug_str</name>
         <load_address>0x327a</load_address>
         <run_address>0x327a</run_address>
         <size>0x197</size>
         <input_file_ref idref="fl-ef"/>
      </object_component>
      <object_component id="oc-177">
         <name>.debug_pubtypes</name>
         <load_address>0x0</load_address>
         <run_address>0x0</run_address>
         <size>0x2ce</size>
         <input_file_ref idref="fl-2"/>
      </object_component>
      <object_component id="oc-111">
         <name>.debug_pubtypes</name>
         <load_address>0x2ce</load_address>
         <run_address>0x2ce</run_address>
         <size>0x25c</size>
         <input_file_ref idref="fl-2"/>
      </object_component>
      <object_component id="oc-17c">
         <name>.debug_pubtypes</name>
         <load_address>0x52a</load_address>
         <run_address>0x52a</run_address>
         <size>0xdd</size>
         <input_file_ref idref="fl-2"/>
      </object_component>
      <object_component id="oc-36">
         <name>.debug_pubtypes</name>
         <load_address>0x607</load_address>
         <run_address>0x607</run_address>
         <size>0xed</size>
         <input_file_ref idref="fl-2"/>
      </object_component>
      <object_component id="oc-181">
         <name>.debug_pubtypes</name>
         <load_address>0x6f4</load_address>
         <run_address>0x6f4</run_address>
         <size>0x330</size>
         <input_file_ref idref="fl-2"/>
      </object_component>
      <object_component id="oc-e2">
         <name>.debug_pubtypes</name>
         <load_address>0xa24</load_address>
         <run_address>0xa24</run_address>
         <size>0xaa</size>
         <input_file_ref idref="fl-2"/>
      </object_component>
      <object_component id="oc-10a">
         <name>.debug_pubtypes</name>
         <load_address>0xace</load_address>
         <run_address>0xace</run_address>
         <size>0x20</size>
         <input_file_ref idref="fl-15"/>
      </object_component>
      <object_component id="oc-118">
         <name>.debug_pubtypes</name>
         <load_address>0xaee</load_address>
         <run_address>0xaee</run_address>
         <size>0x1d</size>
         <input_file_ref idref="fl-d9"/>
      </object_component>
      <object_component id="oc-b3">
         <name>.debug_pubtypes</name>
         <load_address>0xb0b</load_address>
         <run_address>0xb0b</run_address>
         <size>0x48</size>
         <input_file_ref idref="fl-e1"/>
      </object_component>
      <object_component id="oc-129">
         <name>.debug_pubtypes</name>
         <load_address>0xb53</load_address>
         <run_address>0xb53</run_address>
         <size>0x1d</size>
         <input_file_ref idref="fl-e1"/>
      </object_component>
      <object_component id="oc-41">
         <name>.debug_pubtypes</name>
         <load_address>0xb70</load_address>
         <run_address>0xb70</run_address>
         <size>0x48</size>
         <input_file_ref idref="fl-e2"/>
      </object_component>
      <object_component id="oc-ab">
[...]
      </symbol>
      <symbol id="sm-1b8">
         <name>TExaS_Clear3</name>
         <value>0x437</value>
         <object_component_ref idref="oc-94"/>
      </symbol>
      <symbol id="sm-1b9">
         <name>TExaS_Clear2</name>
         <value>0x42b</value>
         <object_component_ref idref="oc-94"/>
      </symbol>
      <symbol id="sm-1ba">
         <name>TExaS_Stop</name>
         <value>0x6b1</value>
         <object_component_ref idref="oc-94"/>
      </symbol>
      <symbol id="sm-1bb">
         <name>TExaS_ScopeErrConflict</name>
         <value>0x2000062c</value>
         <object_component_ref idref="oc-104"/>
      </symbol>
      <symbol id="sm-1bc">
         <name>ADC_Init</name>
         <value>0x475</value>
         <object_component_ref idref="oc-94"/>
      </symbol>
      <symbol id="sm-1bd">
         <name>LogicAnalyzer_P4_765432</name>
         <value>0x137</value>
         <object_component_ref idref="oc-94"/>
      </symbol>
      <symbol id="sm-1be">
         <name>PeriodicTask2_Init</name>
         <value>0x257</value>
         <object_component_ref idref="oc-94"/>
      </symbol>
      <symbol id="sm-1bf">
         <name>LogicAnalyzer_P1</name>
         <value>0xef</value>
         <object_component_ref idref="oc-94"/>
      </symbol>
      <symbol id="sm-1c0">
         <name>LogicAnalyzer_P3</name>
         <value>0x11b</value>
         <object_component_ref idref="oc-94"/>
      </symbol>
      <symbol id="sm-1c1">
         <name>LogicAnalyzer_P2</name>
         <value>0xfd</value>
         <object_component_ref idref="oc-94"/>
      </symbol>
      <symbol id="sm-1c2">
         <name>LogicAnalyzer_P5</name>
         <value>0x17f</value>
         <object_component_ref idref="oc-94"/>
      </symbol>
      <symbol id="sm-1c3">
         <name>LogicAnalyzer_P4</name>
         <value>0x129</value>
         <object_component_ref idref="oc-94"/>
      </symbol>
      <symbol id="sm-1c4">
         <name>LogicAnalyzer_P7</name>
         <value>0x19b</value>
         <object_component_ref idref="oc-94"/>
      </symbol>
      <symbol id="sm-1c5">
         <name>LogicAnalyzer_P6</name>
         <value>0x18d</value>
         <object_component_ref idref="oc-94"/>
      </symbol>
      <symbol id="sm-1c6">
         <name>LogicAnalyzer_P9</name>
         <value>0x1b7</value>
         <object_component_ref idref="oc-94"/>
      </symbol>
      <symbol id="sm-1c7">
         <name>LogicAnalyzer_P8</name>
         <value>0x1a9</value>
         <object_component_ref idref="oc-94"/>
      </symbol>
      <symbol id="sm-1c8">
         <name>TExaS_ScopeWrnReconfig</name>
         <value>0x20000630</value>
         <object_component_ref idref="oc-104"/>
      </symbol>
      <symbol id="sm-1c9">
         <name>TExaS_Task0</name>
         <value>0x367</value>
         <object_component_ref idref="oc-94"/>
      </symbol>
      <symbol id="sm-1ca">
         <name>TExaS_Task1</name>
         <value>0x373</value>
         <object_component_ref idref="oc-94"/>
      </symbol>
      <symbol id="sm-1cb">
         <name>TExaS_Task2</name>
         <value>0x37f</value>
         <object_component_ref idref="oc-94"/>
      </symbol>
      <symbol id="sm-1cc">
         <name>TExaS_Task3</name>
         <value>0x38b</value>
         <object_component_ref idref="oc-94"/>
      </symbol>
      <symbol id="sm-1cd">
         <name>TExaS_Task4</name>
         <value>0x397</value>
         <object_component_ref idref="oc-94"/>
      </symbol>
      <symbol id="sm-1ce">
         <name>TExaS_Task5</name>
         <value>0x399</value>
         <object_component_ref idref="oc-94"/>
      </symbol>
      <symbol id="sm-1cf">
         <name>TExaS_Task6</name>
         <value>0x3a5</value>
         <object_component_ref idref="oc-94"/>
      </symbol>
      <symbol id="sm-1d0">
         <name>Scope</name>
         <value>0x1d3</value>
         <object_component_ref idref="oc-94"/>
      </symbol>
      <symbol id="sm-1d1">
         <name>TExaS_Set0</name>
         <value>0x3c9</value>
         <object_component_ref idref="oc-94"/>
      </symbol>
      <symbol id="sm-1d2">
         <name>TExaS_Set1</name>
         <value>0x3d5</value>
         <object_component_ref idref="oc-94"/>
      </symbol>
      <symbol id="sm-1d3">
         <name>TExaS_Set2</name>
         <value>0x3e1</value>
         <object_component_ref idref="oc-94"/>
      </symbol>
      <symbol id="sm-1d4">
         <name>TExaS_Set3</name>
         <value>0x3ed</value>
         <object_component_ref idref="oc-94"/>
      </symbol>
      <symbol id="sm-1d5">
         <name>TExaS_Set4</name>
         <value>0x3f9</value>
         <object_component_ref idref="oc-94"/>
      </symbol>
      <symbol id="sm-1d6">
         <name>TExaS_Set5</name>
         <value>0x3fb</value>
         <object_component_ref idref="oc-94"/>
      </symbol>
      <symbol id="sm-1d7">
         <name>TExaS_Set6</name>
         <value>0x407</value>
         <object_component_ref idref="oc-94"/>
      </symbol>
      <symbol id="sm-1d8">
         <name>TExaS_ScopeErrLostData</name>
         <value>0x20000628</value>
         <object_component_ref idref="oc-104"/>
      </symbol>
      <symbol id="sm-1d9">
         <name>PeriodicTask2_Stop</name>
         <value>0x2d1</value>
         <object_component_ref idref="oc-94"/>
      </symbol>
      <symbol id="sm-1da">
         <name>LogicAnalyzer_P10</name>
         <value>0x1c5</value>
         <object_component_ref idref="oc-94"/>
      </symbol>
      <symbol id="sm-1db">
         <name>TExaS_Init</name>
         <value>0x551</value>
         <object_component_ref idref="oc-94"/>
      </symbol>
      <symbol id="sm-1dc">
         <name>UART_InChar</name>
         <value>0x33b</value>
         <object_component_ref idref="oc-94"/>
      </symbol>
      <symbol id="sm-1dd">
         <name>LogicAnalyzer</name>
         <value>0xe5</value>
         <object_component_ref idref="oc-94"/>
      </symbol>
      <symbol id="sm-1de">
         <name>LogicAnalyzer_P4_765320</name>
         <value>0x147</value>
         <object_component_ref idref="oc-94"/>
      </symbol>
      <symbol id="sm-1df">
         <name>T32_INT1_IRQHandler</name>
         <value>0x2c1</value>
         <object_component_ref idref="oc-94"/>
      </symbol>
      <symbol id="sm-1e0">
         <name>UART_Init</name>
         <value>0x2e1</value>
         <object_component_ref idref="oc-94"/>
      </symbol>
      <symbol id="sm-1e1">
         <name>LogicAnalyzer_P2_7654</name>
         <value>0x10b</value>
         <object_component_ref idref="oc-94"/>
      </symbol>
      <symbol id="sm-1e2">
         <name>UART_OutChar</name>
         <value>0x34b</value>
         <object_component_ref idref="oc-94"/>
      </symbol>
      <symbol id="sm-1e3">
         <name>TExaS_Set</name>
         <value>0x3b1</value>
         <object_component_ref idref="oc-94"/>
      </symbol>
      <symbol id="sm-1fc">
         <name>TimerA0Task</name>
         <value>0x2000061c</value>
      </symbol>
      <symbol id="sm-1fd">
         <name>TimerA0_Init</name>
         <value>0x119d</value>
         <object_component_ref idref="oc-70"/>
      </symbol>
      <symbol id="sm-1fe">
         <name>TA0_0_IRQHandler</name>
         <value>0x1217</value>
         <object_component_ref idref="oc-70"/>
      </symbol>
      <symbol id="sm-1ff">
         <name>TimerA0_Stop</name>
         <value>0x1201</value>
         <object_component_ref idref="oc-70"/>
      </symbol>
      <symbol id="sm-20f">
         <name>TimerA1_Init</name>
         <value>0x151d</value>
         <object_component_ref idref="oc-76"/>
      </symbol>
      <symbol id="sm-210">
         <name>TA1_0_IRQHandler</name>
         <value>0x152d</value>
         <object_component_ref idref="oc-76"/>
      </symbol>
      <symbol id="sm-211">
         <name>TimerA1_Stop</name>
         <value>0x152b</value>
         <object_component_ref idref="oc-76"/>
      </symbol>
      <symbol id="sm-22a">
         <name>TimerA2Task</name>
         <value>0x20000620</value>
      </symbol>
      <symbol id="sm-22b">
         <name>TimerA2_Init</name>
         <value>0x1249</value>
         <object_component_ref idref="oc-7c"/>
      </symbol>
      <symbol id="sm-22c">
         <name>TA2_0_IRQHandler</name>
         <value>0x12bb</value>
         <object_component_ref idref="oc-7c"/>
      </symbol>
      <symbol id="sm-22d">
         <name>TimerA2_Stop</name>
         <value>0x12a7</value>
         <object_component_ref idref="oc-7c"/>
      </symbol>
      <symbol id="sm-25f">
         <name>RxPutI</name>
         <value>0x20000618</value>
      </symbol>
      <symbol id="sm-260">
         <name>RxGetI</name>
         <value>0x20000614</value>
      </symbol>
      <symbol id="sm-261">
         <name>RxFifoLost</name>
         <value>0x20000610</value>
      </symbol>
      <symbol id="sm-262">
         <name>RxFIFO</name>
         <value>0x20000400</value>
      </symbol>
      <symbol id="sm-263">
         <name>RxFifo_Get</name>
         <value>0x1051</value>
         <object_component_ref idref="oc-8e"/>
      </symbol>
      <symbol id="sm-264">
         <name>UART1_OutChar</name>
         <value>0x1105</value>
         <object_component_ref idref="oc-8e"/>
      </symbol>
      <symbol id="sm-265">
         <name>UART1_InChar</name>
         <value>0x10f3</value>
         <object_component_ref idref="oc-8e"/>
      </symbol>
      <symbol id="sm-266">
         <name>UART1_InStatus</name>
         <value>0x1087</value>
         <object_component_ref idref="oc-8e"/>
      </symbol>
      <symbol id="sm-267">
         <name>EUSCIA2_IRQHandler</name>
         <value>0x1121</value>
         <object_component_ref idref="oc-8e"/>
      </symbol>
      <symbol id="sm-268">
         <name>UART1_OutString</name>
         <value>0x1137</value>
         <object_component_ref idref="oc-8e"/>
      </symbol>
      <symbol id="sm-269">
         <name>RxFifo_Put</name>
         <value>0x100b</value>
         <object_component_ref idref="oc-8e"/>
      </symbol>
      <symbol id="sm-26a">
         <name>UART1_Init</name>
         <value>0x1097</value>
         <object_component_ref idref="oc-8e"/>
      </symbol>
      <symbol id="sm-26b">
         <name>UART1_FinishOutput</name>
         <value>0x1155</value>
         <object_component_ref idref="oc-8e"/>
      </symbol>
      <symbol id="sm-26c">
         <name>RxFifo_Init</name>
         <value>0xff9</value>
         <object_component_ref idref="oc-8e"/>
      </symbol>
      <symbol id="sm-277">
         <name>main</name>
         <value>0xccb</value>
         <object_component_ref idref="oc-c4"/>
      </symbol>
      <symbol id="sm-28c">
         <name>Reset_Handler</name>
         <value>0x153d</value>
         <object_component_ref idref="oc-6a"/>
      </symbol>
      <symbol id="sm-28d">
         <name>Default_Handler</name>
         <value>0x1549</value>
         <object_component_ref idref="oc-6a"/>
      </symbol>
      <symbol id="sm-28e">
         <name>interruptVectors</name>
         <value>0x0</value>
         <object_component_ref idref="oc-26"/>
      </symbol>
      <symbol id="sm-2d4">
         <name>SystemInit</name>
         <value>0xf41</value>
         <object_component_ref idref="oc-d6"/>
      </symbol>
      <symbol id="sm-2d5">
         <name>SystemCoreClockUpdate</name>
         <value>0xccd</value>
         <object_component_ref idref="oc-d6"/>
      </symbol>
      <symbol id="sm-2d6">
         <name>SystemCoreClock</name>
         <value>0x20000634</value>
         <object_component_ref idref="oc-170"/>
      </symbol>
      <symbol id="sm-2fc">
         <name>__TI_zero_init_nomemset</name>
         <value>0x1501</value>
         <object_component_ref idref="oc-46"/>
      </symbol>
      <symbol id="sm-313">
         <name>__TI_decompress_none</name>
         <value>0x152f</value>
         <object_component_ref idref="oc-1d"/>
      </symbol>
      <symbol id="sm-336">
         <name>__TI_decompress_lzss</name>
         <value>0x1405</value>
         <object_component_ref idref="oc-17"/>
      </symbol>
      <symbol id="sm-341">
         <name>C$$EXIT</name>
         <value>0x154f</value>
         <object_component_ref idref="oc-132"/>
      </symbol>
      <symbol id="sm-342">
         <name>abort</name>
         <value>0x154f</value>
         <object_component_ref idref="oc-132"/>
      </symbol>
      <symbol id="sm-354">
         <name>_sys_memory</name>
         <value>0x20000000</value>
         <object_component_ref idref="oc-29"/>
      </symbol>
      <symbol id="sm-367">
         <name>__stack</name>
         <value>0x2000fe00</value>
         <object_component_ref idref="oc-2c"/>
      </symbol>
      <symbol id="sm-368">
         <name>_c_int00_noargs</name>
         <value>0x14b1</value>
         <object_component_ref idref="oc-58"/>
      </symbol>
      <symbol id="sm-388">
         <name>memcpy</name>
         <value>0x12f1</value>
         <object_component_ref idref="oc-3a"/>
      </symbol>
      <symbol id="sm-389">
         <name>__aeabi_memcpy</name>
         <value>0x12f1</value>
         <object_component_ref idref="oc-3a"/>
      </symbol>
      <symbol id="sm-38a">
         <name>__aeabi_memcpy8</name>
         <value>0x12f1</value>
         <object_component_ref idref="oc-3a"/>
      </symbol>
      <symbol id="sm-38b">
         <name>__aeabi_memcpy4</name>
         <value>0x12f1</value>
         <object_component_ref idref="oc-3a"/>
      </symbol>
      <symbol id="sm-3b3">
         <name>__TI_auto_init_nobinit_nopinit</name>
         <value>0x146d</value>
         <object_component_ref idref="oc-13e"/>
      </symbol>
      <symbol id="sm-3bd">
         <name>_system_pre_init</name>
         <value>0x154b</value>
         <object_component_ref idref="oc-be"/>
      </symbol>
      <symbol id="sm-3d2">
         <name>__TI_static_base__</name>
         <value>0x0</value>
      </symbol>
      <symbol id="sm-3d5">
         <name>__mpu_init</name>
         <value>0x0</value>
      </symbol>
      <symbol id="sm-3d6">
         <name>_system_post_cinit</name>
         <value>0x0</value>
      </symbol>
      <symbol id="sm-3d7">
         <name>NMI_Handler</name>
         <value>0x1549</value>
      </symbol>
      <symbol id="sm-3d8">
         <name>HardFault_Handler</name>
         <value>0x1549</value>
      </symbol>
      <symbol id="sm-3d9">
         <name>MemManage_Handler</name>
         <value>0x1549</value>
      </symbol>
      <symbol id="sm-3da">
         <name>BusFault_Handler</name>
         <value>0x1549</value>
      </symbol>
      <symbol id="sm-3db">
         <name>UsageFault_Handler</name>
         <value>0x1549</value>
      </symbol>
      <symbol id="sm-3dc">
         <name>SVC_Handler</name>
         <value>0x1549</value>
      </symbol>
      <symbol id="sm-3dd">
         <name>DebugMon_Handler</name>
         <value>0x1549</value>
      </symbol>
      <symbol id="sm-3de">
         <name>PendSV_Handler</name>
         <value>0x1549</value>
      </symbol>
      <symbol id="sm-3df">
         <name>SysTick_Handler</name>
         <value>0x1549</value>
      </symbol>
      <symbol id="sm-3e0">
         <name>PSS_IRQHandler</name>
         <value>0x1549</value>
      </symbol>
      <symbol id="sm-3e1">
         <name>CS_IRQHandler</name>
         <value>0x1549</value>
      </symbol>
      <symbol id="sm-3e2">
         <name>PCM_IRQHandler</name>
         <value>0x1549</value>
      </symbol>
      <symbol id="sm-3e3">
         <name>WDT_A_IRQHandler</name>
         <value>0x1549</value>
      </symbol>
      <symbol id="sm-3e4">
         <name>FPU_IRQHandler</name>
         <value>0x1549</value>
      </symbol>
      <symbol id="sm-3e5">
         <name>FLCTL_IRQHandler</name>
         <value>0x1549</value>
      </symbol>
      <symbol id="sm-3e6">
         <name>COMP_E0_IRQHandler</name>
         <value>0x1549</value>
      </symbol>
      <symbol id="sm-3e7">
         <name>COMP_E1_IRQHandler</name>
         <value>0x1549</value>
      </symbol>
      <symbol id="sm-3e8">
         <name>TA0_0_IRQHandler</name>
         <value>0x1217</value>
      </symbol>
      <symbol id="sm-3e9">
         <name>TA0_N_IRQHandler</name>
         <value>0x1549</value>
      </symbol>
      <symbol id="sm-3ea">
         <name>TA1_0_IRQHandler</name>
         <value>0x152d</value>
      </symbol>
      <symbol id="sm-3eb">
         <name>TA1_N_IRQHandler</name>
         <value>0x1549</value>
      </symbol>
      <symbol id="sm-3ec">
         <name>TA2_0_IRQHandler</name>
         <value>0x12bb</value>
      </symbol>
      <symbol id="sm-3ed">
         <name>TA2_N_IRQHandler</name>
         <value>0x1549</value>
      </symbol>
      <symbol id="sm-3ee">
         <name>TA3_0_IRQHandler</name>
         <value>0x14fd</value>
      </symbol>
      <symbol id="sm-3ef">
         <name>TA3_N_IRQHandler</name>
         <value>0x14ff</value>
      </symbol>
      <symbol id="sm-3f0">
         <name>EUSCIA0_IRQHandler</name>
         <value>0x7a5</value>
      </symbol>
      <symbol id="sm-3f1">
         <name>EUSCIA1_IRQHandler</name>
         <value>0x1549</value>
      </symbol>
      <symbol id="sm-3f2">
         <name>EUSCIA2_IRQHandler</name>
         <value>0x1121</value>
      </symbol>
      <symbol id="sm-3f3">
         <name>EUSCIA3_IRQHandler</name>
         <value>0x1549</value>
      </symbol>
      <symbol id="sm-3f4">
         <name>EUSCIB0_IRQHandler</name>
         <value>0x1549</value>
      </symbol>
      <symbol id="sm-3f5">
         <name>EUSCIB1_IRQHandler</name>
         <value>0x1549</value>
      </symbol>
      <symbol id="sm-3f6">
         <name>EUSCIB2_IRQHandler</name>
         <value>0x1549</value>
      </symbol>
      <symbol id="sm-3f7">
         <name>EUSCIB3_IRQHandler</name>
         <value>0x1549</value>
      </symbol>
      <symbol id="sm-3f8">
         <name>ADC14_IRQHandler</name>
         <value>0x1549</value>
      </symbol>
      <symbol id="sm-3f9">
         <name>T32_INT1_IRQHandler</name>
         <value>0x2c1</value>
      </symbol>
      <symbol id="sm-3fa">
         <name>T32_INT2_IRQHandler</name>
         <value>0x1549</value>
      </symbol>
      <symbol id="sm-3fb">
         <name>T32_INTC_IRQHandler</name>
         <value>0x1549</value>
      </symbol>
      <symbol id="sm-3fc">
         <name>AES256_IRQHandler</name>
         <value>0x1549</value>
      </symbol>
      <symbol id="sm-3fd">
         <name>RTC_C_IRQHandler</name>
         <value>0x1549</value>
      </symbol>
      <symbol id="sm-3fe">
         <name>DMA_ERR_IRQHandler</name>
         <value>0x1549</value>
      </symbol>
      <symbol id="sm-3ff">
         <name>DMA_INT3_IRQHandler</name>
         <value>0x1549</value>
      </symbol>
      <symbol id="sm-400">
         <name>DMA_INT2_IRQHandler</name>
         <value>0x1549</value>
      </symbol>
      <symbol id="sm-401">
         <name>DMA_INT1_IRQHandler</name>
         <value>0x1549</value>
      </symbol>
      <symbol id="sm-402">
         <name>DMA_INT0_IRQHandler</name>
         <value>0x1549</value>
      </symbol>
      <symbol id="sm-403">
         <name>PORT1_IRQHandler</name>
         <value>0x1549</value>
      </symbol>
      <symbol id="sm-404">
         <name>PORT2_IRQHandler</name>
         <value>0x1549</value>
      </symbol>
      <symbol id="sm-405">
         <name>PORT3_IRQHandler</name>
         <value>0x1549</value>
      </symbol>
      <symbol id="sm-406">
         <name>PORT4_IRQHandler</name>
         <value>0x1549</value>
      </symbol>
      <symbol id="sm-407">
         <name>PORT5_IRQHandler</name>
         <value>0x1549</value>
      </symbol>
      <symbol id="sm-408">
         <name>PORT6_IRQHandler</name>
         <value>0x1549</value>
      </symbol>
   </symbol_table>
   <title>Link successful</title>
</link_info>
