******************************************************************************
                  TI ARM Linker PC v20.2.6                     
******************************************************************************
>> Linked Mon Feb 21 18:13:10 2022

OUTPUT FILE NAME:   <HW3.out>
ENTRY POINT SYMBOL: "_c_int00_noargs"  address: 00000839


MEMORY CONFIGURATION

         name            origin    length      used     unused   attr    fill
----------------------  --------  ---------  --------  --------  ----  --------
  MAIN                  00000000   00040000  000008d2  0003f72e  R  X
  INFO                  00200000   00004000  00000000  00004000  R  X
  SRAM_CODE             01000000   00010000  0000021c  0000fde4  RW X
  SRAM_DATA             20000000   00010000  0000021c  0000fde4  RW  


SEGMENT ALLOCATION MAP

run origin  load origin   length   init length attrs members
----------  ----------- ---------- ----------- ----- -------
00000000    00000000    000008d8   000008d8    r-x
  00000000    00000000    000000e4   000000e4    r-- .intvecs
  000000e4    000000e4    000007ce   000007ce    r-x .text
  000008b8    000008b8    00000020   00000020    r-- .cinit
20000000    20000000    0000001c   00000000    rw-
  20000000    20000000    0000001c   00000000    rw- .data
2000fe00    2000fe00    00000200   00000000    rw-
  2000fe00    2000fe00    00000200   00000000    rw- .stack


SECTION ALLOCATION MAP

 output                                  attributes/
section   page    origin      length       input sections
--------  ----  ----------  ----------   ----------------
.intvecs   0    00000000    000000e4     
                  00000000    000000e4     startup_msp432p401r_ccs.obj (.intvecs:retain)

.text      0    000000e4    000007ce     
                  000000e4    00000334     system_msp432p401r.obj (.text)
                  00000418    000001e0     Clock.obj (.text)
                  000005f8    000000f8     LaunchPad.obj (.text)
                  000006f0    0000009c     rtsv7M4_T_le_v4SPD16_eabi.lib : memcpy_t2.asm.obj (.text)
                  0000078c    00000068                                   : copy_decompress_lzss.c.obj (.text:decompress:lzss:__TI_decompress_lzss)
                  000007f4    00000044                                   : autoinit.c.obj (.text:__TI_auto_init_nobinit_nopinit:__TI_auto_init_nobinit_nopinit)
                  00000838    00000034                                   : boot_cortex_m.c.obj (.text:_c_int00_noargs:_c_int00_noargs)
                  0000086c    0000001c     main.obj (.text)
                  00000888    0000000e     rtsv7M4_T_le_v4SPD16_eabi.lib : copy_decompress_none.c.obj (.text:decompress:none:__TI_decompress_none)
                  00000896    0000000e     startup_msp432p401r_ccs.obj (.text)
                  000008a4    00000006     Bump.obj (.text)
                  000008aa    00000004     rtsv7M4_T_le_v4SPD16_eabi.lib : pre_init.c.obj (.text:_system_pre_init)
                  000008ae    00000004                                   : exit.c.obj (.text:abort:abort)

.cinit     0    000008b8    00000020     
                  000008b8    0000000d     (.cinit..data.load) [load image, compression = lzss]
                  000008c5    00000003     --HOLE-- [fill = 0]
                  000008c8    00000008     (__TI_handler_table)
                  000008d0    00000008     (__TI_cinit_table)

.init_array 
*          0    00000000    00000000     UNINITIALIZED

.binit     0    00000000    00000000     

.data      0    20000000    0000001c     UNINITIALIZED
                  20000000    00000018     Clock.obj (.data)
                  20000018    00000004     system_msp432p401r.obj (.data)

.stack     0    2000fe00    00000200     UNINITIALIZED
                  2000fe00    00000004     rtsv7M4_T_le_v4SPD16_eabi.lib : boot_cortex_m.c.obj (.stack)
                  2000fe04    000001fc     --HOLE--

__llvm_prf_cnts 
*          0    20000000    00000000     UNINITIALIZED

MODULE SUMMARY

       Module                        code   ro data   rw data
       ------                        ----   -------   -------
    .\
       system_msp432p401r.obj        820    0         8      
       startup_msp432p401r_ccs.obj   14     228       0      
       main.obj                      28     0         0      
    +--+-----------------------------+------+---------+---------+
       Total:                        862    228       8      
                                                             
    .\inc\
       Clock.obj                     480    0         48     
       LaunchPad.obj                 248    0         0      
       Bump.obj                      6      0         0      
    +--+-----------------------------+------+---------+---------+
       Total:                        734    0         48     
                                                             
    C:\ti\ccs1110\ccs\tools\compiler\ti-cgt-arm_20.2.6.LTS\lib\rtsv7M4_T_le_v4SPD16_eabi.lib
       memcpy_t2.asm.obj             156    0         0      
       copy_decompress_lzss.c.obj    104    0         0      
       autoinit.c.obj                68     0         0      
       boot_cortex_m.c.obj           52     0         0      
       copy_decompress_none.c.obj    14     0         0      
       exit.c.obj                    4      0         0      
       pre_init.c.obj                4      0         0      
    +--+-----------------------------+------+---------+---------+
       Total:                        402    0         0      
                                                             
       Stack:                        0      0         1024   
       Linker Generated:             0      29        0      
    +--+-----------------------------+------+---------+---------+
       Grand Total:                  1998   257       1080   


LINKER GENERATED COPY TABLES

__TI_cinit_table @ 000008d0 records: 1, size/record: 8, table size: 8
	.data: load addr=000008b8, load size=0000000d bytes, run addr=20000000, run size=0000001c bytes, compression=lzss


LINKER GENERATED HANDLER TABLE

__TI_handler_table @ 000008c8 records: 2, size/record: 4, table size: 8
	index: 0, handler: __TI_decompress_lzss
	index: 1, handler: __TI_decompress_none


GLOBAL SYMBOLS: SORTED ALPHABETICALLY BY Name 

address   name                          
-------   ----                          
000008a3  ADC14_IRQHandler              
000008a3  AES256_IRQHandler             
000008a5  Bump_Init                     
000008a7  Bump_Read                     
000008a3  BusFault_Handler              
000008af  C$$EXIT                       
000008a3  COMP_E0_IRQHandler            
000008a3  COMP_E1_IRQHandler            
20000008  CPMwait                       
000008a3  CS_IRQHandler                 
20000000  ClockFrequency                
0000056d  Clock_Delay1ms                
00000543  Clock_Delay1us                
0000052f  Clock_GetFreq                 
00000419  Clock_Init48MHz               
20000014  Crystalstable                 
000008a3  DMA_ERR_IRQHandler            
000008a3  DMA_INT0_IRQHandler           
000008a3  DMA_INT1_IRQHandler           
000008a3  DMA_INT2_IRQHandler           
000008a3  DMA_INT3_IRQHandler           
000008a3  DebugMon_Handler              
000008a3  Default_Handler               
000008a3  EUSCIA0_IRQHandler            
000008a3  EUSCIA1_IRQHandler            
000008a3  EUSCIA2_IRQHandler            
000008a3  EUSCIA3_IRQHandler            
000008a3  EUSCIB0_IRQHandler            
000008a3  EUSCIB1_IRQHandler            
000008a3  EUSCIB2_IRQHandler            
000008a3  EUSCIB3_IRQHandler            
000008a3  FLCTL_IRQHandler              
000008a3  FPU_IRQHandler                
000008a3  HardFault_Handler             
20000010  IFlags                        
000005f9  LaunchPad_Init                
00000669  LaunchPad_Input               
00000687  LaunchPad_LED                 
000006a5  LaunchPad_Output              
000008a3  MemManage_Handler             
000008a3  NMI_Handler                   
000008a3  PCM_IRQHandler                
000008a3  PORT1_IRQHandler              
000008a3  PORT2_IRQHandler              
000008a3  PORT3_IRQHandler              
000008a3  PORT4_IRQHandler              
000008a3  PORT5_IRQHandler              
000008a3  PORT6_IRQHandler              
000008a3  PSS_IRQHandler                
000008a3  PendSV_Handler                
2000000c  Postwait                      
20000004  Prewait                       
000008a3  RTC_C_IRQHandler              
00000897  Reset_Handler                 
000008a3  SVC_Handler                   
000008a3  SysTick_Handler               
20000018  SystemCoreClock               
000000e5  SystemCoreClockUpdate         
0000035d  SystemInit                    
000008a3  T32_INT1_IRQHandler           
000008a3  T32_INT2_IRQHandler           
000008a3  T32_INTC_IRQHandler           
000008a3  TA0_0_IRQHandler              
000008a3  TA0_N_IRQHandler              
000008a3  TA1_0_IRQHandler              
000008a3  TA1_N_IRQHandler              
000008a3  TA2_0_IRQHandler              
000008a3  TA2_N_IRQHandler              
000008a3  TA3_0_IRQHandler              
000008a3  TA3_N_IRQHandler              
000008a3  UsageFault_Handler            
4000480c  WDTCTL_SYM                    
000008a3  WDT_A_IRQHandler              
20010000  __STACK_END                   
00000200  __STACK_SIZE                  
000008d0  __TI_CINIT_Base               
000008d8  __TI_CINIT_Limit              
000008c8  __TI_Handler_Table_Base       
000008d0  __TI_Handler_Table_Limit      
000007f5  __TI_auto_init_nobinit_nopinit
0000078d  __TI_decompress_lzss          
00000889  __TI_decompress_none          
ffffffff  __TI_pprof_out_hndl           
ffffffff  __TI_prof_data_size           
ffffffff  __TI_prof_data_start          
00000000  __TI_static_base__            
000006f1  __aeabi_memcpy                
000006f1  __aeabi_memcpy4               
000006f1  __aeabi_memcpy8               
ffffffff  __binit__                     
ffffffff  __c_args__                    
UNDEFED   __mpu_init                    
2000fe00  __stack                       
20000000  __start___llvm_prf_cnts       
20000000  __stop___llvm_prf_cnts        
00000839  _c_int00_noargs               
UNDEFED   _system_post_cinit            
000008ab  _system_pre_init              
000008af  abort                         
ffffffff  binit                         
00000535  delay                         
00000000  interruptVectors              
0000086d  main                          
000006f1  memcpy                        


GLOBAL SYMBOLS: SORTED BY Symbol Address 

address   name                          
-------   ----                          
00000000  __TI_static_base__            
00000000  interruptVectors              
000000e5  SystemCoreClockUpdate         
00000200  __STACK_SIZE                  
0000035d  SystemInit                    
00000419  Clock_Init48MHz               
0000052f  Clock_GetFreq                 
00000535  delay                         
00000543  Clock_Delay1us                
0000056d  Clock_Delay1ms                
000005f9  LaunchPad_Init                
00000669  LaunchPad_Input               
00000687  LaunchPad_LED                 
000006a5  LaunchPad_Output              
000006f1  __aeabi_memcpy                
000006f1  __aeabi_memcpy4               
000006f1  __aeabi_memcpy8               
000006f1  memcpy                        
0000078d  __TI_decompress_lzss          
000007f5  __TI_auto_init_nobinit_nopinit
00000839  _c_int00_noargs               
0000086d  main                          
00000889  __TI_decompress_none          
00000897  Reset_Handler                 
000008a3  ADC14_IRQHandler              
000008a3  AES256_IRQHandler             
000008a3  BusFault_Handler              
000008a3  COMP_E0_IRQHandler            
000008a3  COMP_E1_IRQHandler            
000008a3  CS_IRQHandler                 
000008a3  DMA_ERR_IRQHandler            
000008a3  DMA_INT0_IRQHandler           
000008a3  DMA_INT1_IRQHandler           
000008a3  DMA_INT2_IRQHandler           
000008a3  DMA_INT3_IRQHandler           
000008a3  DebugMon_Handler              
000008a3  Default_Handler               
000008a3  EUSCIA0_IRQHandler            
000008a3  EUSCIA1_IRQHandler            
000008a3  EUSCIA2_IRQHandler            
000008a3  EUSCIA3_IRQHandler            
000008a3  EUSCIB0_IRQHandler            
000008a3  EUSCIB1_IRQHandler            
000008a3  EUSCIB2_IRQHandler            
000008a3  EUSCIB3_IRQHandler            
000008a3  FLCTL_IRQHandler              
000008a3  FPU_IRQHandler                
000008a3  HardFault_Handler             
000008a3  MemManage_Handler             
000008a3  NMI_Handler                   
000008a3  PCM_IRQHandler                
000008a3  PORT1_IRQHandler              
000008a3  PORT2_IRQHandler              
000008a3  PORT3_IRQHandler              
000008a3  PORT4_IRQHandler              
000008a3  PORT5_IRQHandler              
000008a3  PORT6_IRQHandler              
000008a3  PSS_IRQHandler                
000008a3  PendSV_Handler                
000008a3  RTC_C_IRQHandler              
000008a3  SVC_Handler                   
000008a3  SysTick_Handler               
000008a3  T32_INT1_IRQHandler           
000008a3  T32_INT2_IRQHandler           
000008a3  T32_INTC_IRQHandler           
000008a3  TA0_0_IRQHandler              
000008a3  TA0_N_IRQHandler              
000008a3  TA1_0_IRQHandler              
000008a3  TA1_N_IRQHandler              
000008a3  TA2_0_IRQHandler              
000008a3  TA2_N_IRQHandler              
000008a3  TA3_0_IRQHandler              
000008a3  TA3_N_IRQHandler              
000008a3  UsageFault_Handler            
000008a3  WDT_A_IRQHandler              
000008a5  Bump_Init                     
000008a7  Bump_Read                     
000008ab  _system_pre_init              
000008af  C$$EXIT                       
000008af  abort                         
000008c8  __TI_Handler_Table_Base       
000008d0  __TI_CINIT_Base               
000008d0  __TI_Handler_Table_Limit      
000008d8  __TI_CINIT_Limit              
20000000  ClockFrequency                
20000000  __start___llvm_prf_cnts       
20000000  __stop___llvm_prf_cnts        
20000004  Prewait                       
20000008  CPMwait                       
2000000c  Postwait                      
20000010  IFlags                        
20000014  Crystalstable                 
20000018  SystemCoreClock               
2000fe00  __stack                       
20010000  __STACK_END                   
4000480c  WDTCTL_SYM                    
ffffffff  __TI_pprof_out_hndl           
ffffffff  __TI_prof_data_size           
ffffffff  __TI_prof_data_start          
ffffffff  __binit__                     
ffffffff  __c_args__                    
ffffffff  binit                         
UNDEFED   __mpu_init                    
UNDEFED   _system_post_cinit            

[104 symbols]
