******************************************************************************
                  TI ARM Linker PC v20.2.5                     
******************************************************************************
>> Linked Wed Feb 23 18:02:40 2022

OUTPUT FILE NAME:   <HW3.out>
ENTRY POINT SYMBOL: "_c_int00_noargs"  address: 00000f4d


MEMORY CONFIGURATION

         name            origin    length      used     unused   attr    fill
----------------------  --------  ---------  --------  --------  ----  --------
  MAIN                  00000000   00040000  00000ff8  0003f008  R  X
  INFO                  00200000   00004000  00000000  00004000  R  X
  SRAM_CODE             01000000   00010000  0000021c  0000fde4  RW X
  SRAM_DATA             20000000   00010000  0000021c  0000fde4  RW  


SEGMENT ALLOCATION MAP

run origin  load origin   length   init length attrs members
----------  ----------- ---------- ----------- ----- -------
00000000    00000000    00000ff8   00000ff8    r-x
  00000000    00000000    000000e4   000000e4    r-- .intvecs
  000000e4    000000e4    00000ef4   00000ef4    r-x .text
  00000fd8    00000fd8    00000020   00000020    r-- .cinit
20000000    20000000    0000001c   00000000    rw-
  20000000    20000000    0000001c   00000000    rw- .data
2000fe00    2000fe00    00000200   00000000    rw-
  2000fe00    2000fe00    00000200   00000000    rw- .stack


SECTION ALLOCATION MAP

 output                                  attributes/
section   page    origin      length       input sections
--------  ----  ----------  ----------   ----------------
.intvecs   0    00000000    000000e4     
                  00000000    000000e4     startup_msp432p401r_ccs.obj (.intvecs:retain)

.text      0    000000e4    00000ef4     
                  000000e4    00000358     MotorSimple.obj (.text)
                  0000043c    00000334     system_msp432p401r.obj (.text)
                  00000770    000001e0     Clock.obj (.text)
                  00000950    00000136     rtsv7M4_T_le_v4SPD16_eabi.lib : fd_div_t2.asm.obj (.text)
                  00000a86    000000fc                                   : fd_mul_t2.asm.obj (.text)
                  00000b82    00000002     --HOLE-- [fill = 0]
                  00000b84    000000f8     LaunchPad.obj (.text)
                  00000c7c    0000009c     rtsv7M4_T_le_v4SPD16_eabi.lib : memcpy_t2.asm.obj (.text)
                  00000d18    00000090     main.obj (.text)
                  00000da8    0000006c     SysTick.obj (.text)
                  00000e14    00000068     rtsv7M4_T_le_v4SPD16_eabi.lib : copy_decompress_lzss.c.obj (.text:decompress:lzss:__TI_decompress_lzss)
                  00000e7c    00000048                                   : fd_toi_t2.asm.obj (.text)
                  00000ec4    00000044                                   : autoinit.c.obj (.text:__TI_auto_init_nobinit_nopinit:__TI_auto_init_nobinit_nopinit)
                  00000f08    00000044                                   : fd_tou_t2.asm.obj (.text)
                  00000f4c    00000034                                   : boot_cortex_m.c.obj (.text:_c_int00_noargs:_c_int00_noargs)
                  00000f80    00000020                                   : u_tofd_t2.asm.obj (.text)
                  00000fa0    00000014     Bump.obj (.text)
                  00000fb4    0000000e     rtsv7M4_T_le_v4SPD16_eabi.lib : copy_decompress_none.c.obj (.text:decompress:none:__TI_decompress_none)
                  00000fc2    0000000e     startup_msp432p401r_ccs.obj (.text)
                  00000fd0    00000004     rtsv7M4_T_le_v4SPD16_eabi.lib : pre_init.c.obj (.text:_system_pre_init)
                  00000fd4    00000004                                   : exit.c.obj (.text:abort:abort)

.cinit     0    00000fd8    00000020     
                  00000fd8    0000000d     (.cinit..data.load) [load image, compression = lzss]
                  00000fe5    00000003     --HOLE-- [fill = 0]
                  00000fe8    00000008     (__TI_handler_table)
                  00000ff0    00000008     (__TI_cinit_table)

.init_array 
*          0    00000000    00000000     UNINITIALIZED

.binit     0    00000000    00000000     

.data      0    20000000    0000001c     UNINITIALIZED
                  20000000    00000018     Clock.obj (.data)
                  20000018    00000004     system_msp432p401r.obj (.data)

.stack     0    2000fe00    00000200     UNINITIALIZED
                  2000fe00    00000004     rtsv7M4_T_le_v4SPD16_eabi.lib : boot_cortex_m.c.obj (.stack)
                  2000fe04    000001fc     --HOLE--

__llvm_prf_cnts 
*          0    20000000    00000000     UNINITIALIZED

MODULE SUMMARY

       Module                        code   ro data   rw data
       ------                        ----   -------   -------
    .\
       system_msp432p401r.obj        820    0         8      
       startup_msp432p401r_ccs.obj   14     228       0      
       main.obj                      144    0         0      
    +--+-----------------------------+------+---------+---------+
       Total:                        978    228       8      
                                                             
    .\inc\
       MotorSimple.obj               856    0         0      
       Clock.obj                     480    0         48     
       LaunchPad.obj                 248    0         0      
       SysTick.obj                   108    0         0      
       Bump.obj                      20     0         0      
    +--+-----------------------------+------+---------+---------+
       Total:                        1712   0         48     
                                                             
    C:\ti\ccs1110\ccs\tools\compiler\ti-cgt-arm_20.2.5.LTS\lib\rtsv7M4_T_le_v4SPD16_eabi.lib
       fd_div_t2.asm.obj             310    0         0      
       fd_mul_t2.asm.obj             252    0         0      
       memcpy_t2.asm.obj             156    0         0      
       copy_decompress_lzss.c.obj    104    0         0      
       fd_toi_t2.asm.obj             72     0         0      
       autoinit.c.obj                68     0         0      
       fd_tou_t2.asm.obj             68     0         0      
       boot_cortex_m.c.obj           52     0         0      
       u_tofd_t2.asm.obj             32     0         0      
       copy_decompress_none.c.obj    14     0         0      
       exit.c.obj                    4      0         0      
       pre_init.c.obj                4      0         0      
    +--+-----------------------------+------+---------+---------+
       Total:                        1136   0         0      
                                                             
       Stack:                        0      0         1024   
       Linker Generated:             0      29        0      
    +--+-----------------------------+------+---------+---------+
       Grand Total:                  3826   257       1080   


LINKER GENERATED COPY TABLES

__TI_cinit_table @ 00000ff0 records: 1, size/record: 8, table size: 8
	.data: load addr=00000fd8, load size=0000000d bytes, run addr=20000000, run size=0000001c bytes, compression=lzss


LINKER GENERATED HANDLER TABLE

__TI_handler_table @ 00000fe8 records: 2, size/record: 4, table size: 8
	index: 0, handler: __TI_decompress_lzss
	index: 1, handler: __TI_decompress_none


GLOBAL SYMBOLS: SORTED ALPHABETICALLY BY Name 

address   name                          
-------   ----                          
00000fcf  ADC14_IRQHandler              
00000fcf  AES256_IRQHandler             
00000fa1  Bump_Init                     
00000fad  Bump_Read                     
00000fcf  BusFault_Handler              
00000fd5  C$$EXIT                       
00000fcf  COMP_E0_IRQHandler            
00000fcf  COMP_E1_IRQHandler            
20000008  CPMwait                       
00000fcf  CS_IRQHandler                 
20000000  ClockFrequency                
000008c5  Clock_Delay1ms                
0000089b  Clock_Delay1us                
00000887  Clock_GetFreq                 
00000771  Clock_Init48MHz               
20000014  Crystalstable                 
00000fcf  DMA_ERR_IRQHandler            
00000fcf  DMA_INT0_IRQHandler           
00000fcf  DMA_INT1_IRQHandler           
00000fcf  DMA_INT2_IRQHandler           
00000fcf  DMA_INT3_IRQHandler           
00000fcf  DebugMon_Handler              
00000fcf  Default_Handler               
00000fcf  EUSCIA0_IRQHandler            
00000fcf  EUSCIA1_IRQHandler            
00000fcf  EUSCIA2_IRQHandler            
00000fcf  EUSCIA3_IRQHandler            
00000fcf  EUSCIB0_IRQHandler            
00000fcf  EUSCIB1_IRQHandler            
00000fcf  EUSCIB2_IRQHandler            
00000fcf  EUSCIB3_IRQHandler            
00000fcf  FLCTL_IRQHandler              
00000fcf  FPU_IRQHandler                
00000fcf  HardFault_Handler             
20000010  IFlags                        
00000b85  LaunchPad_Init                
00000bf5  LaunchPad_Input               
00000c13  LaunchPad_LED                 
00000c31  LaunchPad_Output              
00000fcf  MemManage_Handler             
0000020b  Motor_BackwardSimple          
00000143  Motor_ForwardSimple           
000000e5  Motor_InitSimple              
0000036b  Motor_LeftTurn                
000002e9  Motor_RightTurn               
00000123  Motor_StopSimple              
00000fcf  NMI_Handler                   
00000fcf  PCM_IRQHandler                
00000fcf  PORT1_IRQHandler              
00000fcf  PORT2_IRQHandler              
00000fcf  PORT3_IRQHandler              
00000fcf  PORT4_IRQHandler              
00000fcf  PORT5_IRQHandler              
00000fcf  PORT6_IRQHandler              
00000fcf  PSS_IRQHandler                
00000fcf  PendSV_Handler                
2000000c  Postwait                      
20000004  Prewait                       
00000fcf  RTC_C_IRQHandler              
00000fc3  Reset_Handler                 
00000fcf  SVC_Handler                   
00000fcf  SysTick_Handler               
00000da9  SysTick_Init                  
00000db9  SysTick_Wait                  
00000ddf  SysTick_Wait10ms              
20000018  SystemCoreClock               
0000043d  SystemCoreClockUpdate         
000006b5  SystemInit                    
00000fcf  T32_INT1_IRQHandler           
00000fcf  T32_INT2_IRQHandler           
00000fcf  T32_INTC_IRQHandler           
00000fcf  TA0_0_IRQHandler              
00000fcf  TA0_N_IRQHandler              
00000fcf  TA1_0_IRQHandler              
00000fcf  TA1_N_IRQHandler              
00000fcf  TA2_0_IRQHandler              
00000fcf  TA2_N_IRQHandler              
00000fcf  TA3_0_IRQHandler              
00000fcf  TA3_N_IRQHandler              
00000fcf  UsageFault_Handler            
4000480c  WDTCTL_SYM                    
00000fcf  WDT_A_IRQHandler              
20010000  __STACK_END                   
00000200  __STACK_SIZE                  
00000ff0  __TI_CINIT_Base               
00000ff8  __TI_CINIT_Limit              
00000fe8  __TI_Handler_Table_Base       
00000ff0  __TI_Handler_Table_Limit      
00000ec5  __TI_auto_init_nobinit_nopinit
00000e15  __TI_decompress_lzss          
00000fb5  __TI_decompress_none          
ffffffff  __TI_pprof_out_hndl           
ffffffff  __TI_prof_data_size           
ffffffff  __TI_prof_data_start          
00000000  __TI_static_base__            
00000e7d  __aeabi_d2iz                  
00000f09  __aeabi_d2uiz                 
00000951  __aeabi_ddiv                  
00000a87  __aeabi_dmul                  
00000c7d  __aeabi_memcpy                
00000c7d  __aeabi_memcpy4               
00000c7d  __aeabi_memcpy8               
00000f81  __aeabi_ui2d                  
ffffffff  __binit__                     
ffffffff  __c_args__                    
UNDEFED   __mpu_init                    
2000fe00  __stack                       
20000000  __start___llvm_prf_cnts       
20000000  __stop___llvm_prf_cnts        
00000f4d  _c_int00_noargs               
UNDEFED   _system_post_cinit            
00000fd1  _system_pre_init              
00000fd5  abort                         
ffffffff  binit                         
0000088d  delay                         
00000000  interruptVectors              
00000d19  main                          
00000c7d  memcpy                        


GLOBAL SYMBOLS: SORTED BY Symbol Address 

address   name                          
-------   ----                          
00000000  __TI_static_base__            
00000000  interruptVectors              
000000e5  Motor_InitSimple              
00000123  Motor_StopSimple              
00000143  Motor_ForwardSimple           
00000200  __STACK_SIZE                  
0000020b  Motor_BackwardSimple          
000002e9  Motor_RightTurn               
0000036b  Motor_LeftTurn                
0000043d  SystemCoreClockUpdate         
000006b5  SystemInit                    
00000771  Clock_Init48MHz               
00000887  Clock_GetFreq                 
0000088d  delay                         
0000089b  Clock_Delay1us                
000008c5  Clock_Delay1ms                
00000951  __aeabi_ddiv                  
00000a87  __aeabi_dmul                  
00000b85  LaunchPad_Init                
00000bf5  LaunchPad_Input               
00000c13  LaunchPad_LED                 
00000c31  LaunchPad_Output              
00000c7d  __aeabi_memcpy                
00000c7d  __aeabi_memcpy4               
00000c7d  __aeabi_memcpy8               
00000c7d  memcpy                        
00000d19  main                          
00000da9  SysTick_Init                  
00000db9  SysTick_Wait                  
00000ddf  SysTick_Wait10ms              
00000e15  __TI_decompress_lzss          
00000e7d  __aeabi_d2iz                  
00000ec5  __TI_auto_init_nobinit_nopinit
00000f09  __aeabi_d2uiz                 
00000f4d  _c_int00_noargs               
00000f81  __aeabi_ui2d                  
00000fa1  Bump_Init                     
00000fad  Bump_Read                     
00000fb5  __TI_decompress_none          
00000fc3  Reset_Handler                 
00000fcf  ADC14_IRQHandler              
00000fcf  AES256_IRQHandler             
00000fcf  BusFault_Handler              
00000fcf  COMP_E0_IRQHandler            
00000fcf  COMP_E1_IRQHandler            
00000fcf  CS_IRQHandler                 
00000fcf  DMA_ERR_IRQHandler            
00000fcf  DMA_INT0_IRQHandler           
00000fcf  DMA_INT1_IRQHandler           
00000fcf  DMA_INT2_IRQHandler           
00000fcf  DMA_INT3_IRQHandler           
00000fcf  DebugMon_Handler              
00000fcf  Default_Handler               
00000fcf  EUSCIA0_IRQHandler            
00000fcf  EUSCIA1_IRQHandler            
00000fcf  EUSCIA2_IRQHandler            
00000fcf  EUSCIA3_IRQHandler            
00000fcf  EUSCIB0_IRQHandler            
00000fcf  EUSCIB1_IRQHandler            
00000fcf  EUSCIB2_IRQHandler            
00000fcf  EUSCIB3_IRQHandler            
00000fcf  FLCTL_IRQHandler              
00000fcf  FPU_IRQHandler                
00000fcf  HardFault_Handler             
00000fcf  MemManage_Handler             
00000fcf  NMI_Handler                   
00000fcf  PCM_IRQHandler                
00000fcf  PORT1_IRQHandler              
00000fcf  PORT2_IRQHandler              
00000fcf  PORT3_IRQHandler              
00000fcf  PORT4_IRQHandler              
00000fcf  PORT5_IRQHandler              
00000fcf  PORT6_IRQHandler              
00000fcf  PSS_IRQHandler                
00000fcf  PendSV_Handler                
00000fcf  RTC_C_IRQHandler              
00000fcf  SVC_Handler                   
00000fcf  SysTick_Handler               
00000fcf  T32_INT1_IRQHandler           
00000fcf  T32_INT2_IRQHandler           
00000fcf  T32_INTC_IRQHandler           
00000fcf  TA0_0_IRQHandler              
00000fcf  TA0_N_IRQHandler              
00000fcf  TA1_0_IRQHandler              
00000fcf  TA1_N_IRQHandler              
00000fcf  TA2_0_IRQHandler              
00000fcf  TA2_N_IRQHandler              
00000fcf  TA3_0_IRQHandler              
00000fcf  TA3_N_IRQHandler              
00000fcf  UsageFault_Handler            
00000fcf  WDT_A_IRQHandler              
00000fd1  _system_pre_init              
00000fd5  C$$EXIT                       
00000fd5  abort                         
00000fe8  __TI_Handler_Table_Base       
00000ff0  __TI_CINIT_Base               
00000ff0  __TI_Handler_Table_Limit      
00000ff8  __TI_CINIT_Limit              
20000000  ClockFrequency                
20000000  __start___llvm_prf_cnts       
20000000  __stop___llvm_prf_cnts        
20000004  Prewait                       
20000008  CPMwait                       
2000000c  Postwait                      
20000010  IFlags                        
20000014  Crystalstable                 
20000018  SystemCoreClock               
2000fe00  __stack                       
20010000  __STACK_END                   
4000480c  WDTCTL_SYM                    
ffffffff  __TI_pprof_out_hndl           
ffffffff  __TI_prof_data_size           
ffffffff  __TI_prof_data_start          
ffffffff  __binit__                     
ffffffff  __c_args__                    
ffffffff  binit                         
UNDEFED   __mpu_init                    
UNDEFED   _system_post_cinit            

[118 symbols]
