******************************************************************************
                  TI ARM Linker PC v20.2.6                     
******************************************************************************
>> Linked Wed Feb 23 15:26:24 2022

OUTPUT FILE NAME:   <HW3.out>
ENTRY POINT SYMBOL: "_c_int00_noargs"  address: 00000acd


MEMORY CONFIGURATION

         name            origin    length      used     unused   attr    fill
----------------------  --------  ---------  --------  --------  ----  --------
  MAIN                  00000000   00040000  00000b58  0003f4a8  R  X
  INFO                  00200000   00004000  00000000  00004000  R  X
  SRAM_CODE             01000000   00010000  0000021c  0000fde4  RW X
  SRAM_DATA             20000000   00010000  0000021c  0000fde4  RW  


SEGMENT ALLOCATION MAP

run origin  load origin   length   init length attrs members
----------  ----------- ---------- ----------- ----- -------
00000000    00000000    00000b58   00000b58    r-x
  00000000    00000000    000000e4   000000e4    r-- .intvecs
  000000e4    000000e4    00000a54   00000a54    r-x .text
  00000b38    00000b38    00000020   00000020    r-- .cinit
20000000    20000000    0000001c   00000000    rw-
  20000000    20000000    0000001c   00000000    rw- .data
2000fe00    2000fe00    00000200   00000000    rw-
  2000fe00    2000fe00    00000200   00000000    rw- .stack


SECTION ALLOCATION MAP

 output                                  attributes/
section   page    origin      length       input sections
--------  ----  ----------  ----------   ----------------
.intvecs   0    00000000    000000e4     
                  00000000    000000e4     startup_msp432p401r_ccs.obj (.intvecs:retain)

.text      0    000000e4    00000a54     
                  000000e4    00000334     system_msp432p401r.obj (.text)
                  00000418    000001f0     MotorSimple.obj (.text)
                  00000608    000001e0     Clock.obj (.text)
                  000007e8    000000f8     LaunchPad.obj (.text)
                  000008e0    0000009c     rtsv7M4_T_le_v4SPD16_eabi.lib : memcpy_t2.asm.obj (.text)
                  0000097c    0000006c     SysTick.obj (.text)
                  000009e8    00000068     rtsv7M4_T_le_v4SPD16_eabi.lib : copy_decompress_lzss.c.obj (.text:decompress:lzss:__TI_decompress_lzss)
                  00000a50    00000044                                   : autoinit.c.obj (.text:__TI_auto_init_nobinit_nopinit:__TI_auto_init_nobinit_nopinit)
                  00000a94    00000038     main.obj (.text)
                  00000acc    00000034     rtsv7M4_T_le_v4SPD16_eabi.lib : boot_cortex_m.c.obj (.text:_c_int00_noargs:_c_int00_noargs)
                  00000b00    00000014     Bump.obj (.text)
                  00000b14    0000000e     rtsv7M4_T_le_v4SPD16_eabi.lib : copy_decompress_none.c.obj (.text:decompress:none:__TI_decompress_none)
                  00000b22    0000000e     startup_msp432p401r_ccs.obj (.text)
                  00000b30    00000004     rtsv7M4_T_le_v4SPD16_eabi.lib : pre_init.c.obj (.text:_system_pre_init)
                  00000b34    00000004                                   : exit.c.obj (.text:abort:abort)

.cinit     0    00000b38    00000020     
                  00000b38    0000000d     (.cinit..data.load) [load image, compression = lzss]
                  00000b45    00000003     --HOLE-- [fill = 0]
                  00000b48    00000008     (__TI_handler_table)
                  00000b50    00000008     (__TI_cinit_table)

.init_array 
*          0    00000000    00000000     UNINITIALIZED

.binit     0    00000000    00000000     

.data      0    20000000    0000001c     UNINITIALIZED
                  20000000    00000018     Clock.obj (.data)
                  20000018    00000004     system_msp432p401r.obj (.data)

.stack     0    2000fe00    00000200     UNINITIALIZED
                  2000fe00    00000004     rtsv7M4_T_le_v4SPD16_eabi.lib : boot_cortex_m.c.obj (.stack)
                  2000fe04    000001fc     --HOLE--

__llvm_prf_cnts 
*          0    20000000    00000000     UNINITIALIZED

MODULE SUMMARY

       Module                        code   ro data   rw data
       ------                        ----   -------   -------
    .\
       system_msp432p401r.obj        820    0         8      
       startup_msp432p401r_ccs.obj   14     228       0      
       main.obj                      56     0         0      
    +--+-----------------------------+------+---------+---------+
       Total:                        890    228       8      
                                                             
    .\inc\
       Clock.obj                     480    0         48     
       MotorSimple.obj               496    0         0      
       LaunchPad.obj                 248    0         0      
       SysTick.obj                   108    0         0      
       Bump.obj                      20     0         0      
    +--+-----------------------------+------+---------+---------+
       Total:                        1352   0         48     
                                                             
    C:\ti\ccs1110\ccs\tools\compiler\ti-cgt-arm_20.2.6.LTS\lib\rtsv7M4_T_le_v4SPD16_eabi.lib
       memcpy_t2.asm.obj             156    0         0      
       copy_decompress_lzss.c.obj    104    0         0      
       autoinit.c.obj                68     0         0      
       boot_cortex_m.c.obj           52     0         0      
       copy_decompress_none.c.obj    14     0         0      
       exit.c.obj                    4      0         0      
       pre_init.c.obj                4      0         0      
    +--+-----------------------------+------+---------+---------+
       Total:                        402    0         0      
                                                             
       Stack:                        0      0         1024   
       Linker Generated:             0      29        0      
    +--+-----------------------------+------+---------+---------+
       Grand Total:                  2644   257       1080   


LINKER GENERATED COPY TABLES

__TI_cinit_table @ 00000b50 records: 1, size/record: 8, table size: 8
	.data: load addr=00000b38, load size=0000000d bytes, run addr=20000000, run size=0000001c bytes, compression=lzss


LINKER GENERATED HANDLER TABLE

__TI_handler_table @ 00000b48 records: 2, size/record: 4, table size: 8
	index: 0, handler: __TI_decompress_lzss
	index: 1, handler: __TI_decompress_none


GLOBAL SYMBOLS: SORTED ALPHABETICALLY BY Name 

address   name                          
-------   ----                          
00000b2f  ADC14_IRQHandler              
00000b2f  AES256_IRQHandler             
00000b01  Bump_Init                     
00000b0d  Bump_Read                     
00000b2f  BusFault_Handler              
00000b35  C$$EXIT                       
00000b2f  COMP_E0_IRQHandler            
00000b2f  COMP_E1_IRQHandler            
20000008  CPMwait                       
00000b2f  CS_IRQHandler                 
20000000  ClockFrequency                
0000075d  Clock_Delay1ms                
00000733  Clock_Delay1us                
0000071f  Clock_GetFreq                 
00000609  Clock_Init48MHz               
20000014  Crystalstable                 
00000b2f  DMA_ERR_IRQHandler            
00000b2f  DMA_INT0_IRQHandler           
00000b2f  DMA_INT1_IRQHandler           
00000b2f  DMA_INT2_IRQHandler           
00000b2f  DMA_INT3_IRQHandler           
00000b2f  DebugMon_Handler              
00000b2f  Default_Handler               
00000b2f  EUSCIA0_IRQHandler            
00000b2f  EUSCIA1_IRQHandler            
00000b2f  EUSCIA2_IRQHandler            
00000b2f  EUSCIA3_IRQHandler            
00000b2f  EUSCIB0_IRQHandler            
00000b2f  EUSCIB1_IRQHandler            
00000b2f  EUSCIB2_IRQHandler            
00000b2f  EUSCIB3_IRQHandler            
00000b2f  FLCTL_IRQHandler              
00000b2f  FPU_IRQHandler                
00000b2f  HardFault_Handler             
20000010  IFlags                        
000007e9  LaunchPad_Init                
00000859  LaunchPad_Input               
00000877  LaunchPad_LED                 
00000895  LaunchPad_Output              
00000b2f  MemManage_Handler             
00000519  Motor_BackwardSimple          
00000477  Motor_ForwardSimple           
00000419  Motor_InitSimple              
000005bb  Motor_LeftSimple              
000005e3  Motor_RightSimple             
00000457  Motor_StopSimple              
00000b2f  NMI_Handler                   
00000b2f  PCM_IRQHandler                
00000b2f  PORT1_IRQHandler              
00000b2f  PORT2_IRQHandler              
00000b2f  PORT3_IRQHandler              
00000b2f  PORT4_IRQHandler              
00000b2f  PORT5_IRQHandler              
00000b2f  PORT6_IRQHandler              
00000b2f  PSS_IRQHandler                
00000b2f  PendSV_Handler                
2000000c  Postwait                      
20000004  Prewait                       
00000b2f  RTC_C_IRQHandler              
00000b23  Reset_Handler                 
00000b2f  SVC_Handler                   
00000b2f  SysTick_Handler               
0000097d  SysTick_Init                  
0000098d  SysTick_Wait                  
000009b3  SysTick_Wait10ms              
20000018  SystemCoreClock               
000000e5  SystemCoreClockUpdate         
0000035d  SystemInit                    
00000b2f  T32_INT1_IRQHandler           
00000b2f  T32_INT2_IRQHandler           
00000b2f  T32_INTC_IRQHandler           
00000b2f  TA0_0_IRQHandler              
00000b2f  TA0_N_IRQHandler              
00000b2f  TA1_0_IRQHandler              
00000b2f  TA1_N_IRQHandler              
00000b2f  TA2_0_IRQHandler              
00000b2f  TA2_N_IRQHandler              
00000b2f  TA3_0_IRQHandler              
00000b2f  TA3_N_IRQHandler              
00000b2f  UsageFault_Handler            
4000480c  WDTCTL_SYM                    
00000b2f  WDT_A_IRQHandler              
20010000  __STACK_END                   
00000200  __STACK_SIZE                  
00000b50  __TI_CINIT_Base               
00000b58  __TI_CINIT_Limit              
00000b48  __TI_Handler_Table_Base       
00000b50  __TI_Handler_Table_Limit      
00000a51  __TI_auto_init_nobinit_nopinit
000009e9  __TI_decompress_lzss          
00000b15  __TI_decompress_none          
ffffffff  __TI_pprof_out_hndl           
ffffffff  __TI_prof_data_size           
ffffffff  __TI_prof_data_start          
00000000  __TI_static_base__            
000008e1  __aeabi_memcpy                
000008e1  __aeabi_memcpy4               
000008e1  __aeabi_memcpy8               
ffffffff  __binit__                     
ffffffff  __c_args__                    
UNDEFED   __mpu_init                    
2000fe00  __stack                       
20000000  __start___llvm_prf_cnts       
20000000  __stop___llvm_prf_cnts        
00000acd  _c_int00_noargs               
UNDEFED   _system_post_cinit            
00000b31  _system_pre_init              
00000b35  abort                         
ffffffff  binit                         
00000725  delay                         
00000000  interruptVectors              
00000a95  main                          
000008e1  memcpy                        


GLOBAL SYMBOLS: SORTED BY Symbol Address 

address   name                          
-------   ----                          
00000000  __TI_static_base__            
00000000  interruptVectors              
000000e5  SystemCoreClockUpdate         
00000200  __STACK_SIZE                  
0000035d  SystemInit                    
00000419  Motor_InitSimple              
00000457  Motor_StopSimple              
00000477  Motor_ForwardSimple           
00000519  Motor_BackwardSimple          
000005bb  Motor_LeftSimple              
000005e3  Motor_RightSimple             
00000609  Clock_Init48MHz               
0000071f  Clock_GetFreq                 
00000725  delay                         
00000733  Clock_Delay1us                
0000075d  Clock_Delay1ms                
000007e9  LaunchPad_Init                
00000859  LaunchPad_Input               
00000877  LaunchPad_LED                 
00000895  LaunchPad_Output              
000008e1  __aeabi_memcpy                
000008e1  __aeabi_memcpy4               
000008e1  __aeabi_memcpy8               
000008e1  memcpy                        
0000097d  SysTick_Init                  
0000098d  SysTick_Wait                  
000009b3  SysTick_Wait10ms              
000009e9  __TI_decompress_lzss          
00000a51  __TI_auto_init_nobinit_nopinit
00000a95  main                          
00000acd  _c_int00_noargs               
00000b01  Bump_Init                     
00000b0d  Bump_Read                     
00000b15  __TI_decompress_none          
00000b23  Reset_Handler                 
00000b2f  ADC14_IRQHandler              
00000b2f  AES256_IRQHandler             
00000b2f  BusFault_Handler              
00000b2f  COMP_E0_IRQHandler            
00000b2f  COMP_E1_IRQHandler            
00000b2f  CS_IRQHandler                 
00000b2f  DMA_ERR_IRQHandler            
00000b2f  DMA_INT0_IRQHandler           
00000b2f  DMA_INT1_IRQHandler           
00000b2f  DMA_INT2_IRQHandler           
00000b2f  DMA_INT3_IRQHandler           
00000b2f  DebugMon_Handler              
00000b2f  Default_Handler               
00000b2f  EUSCIA0_IRQHandler            
00000b2f  EUSCIA1_IRQHandler            
00000b2f  EUSCIA2_IRQHandler            
00000b2f  EUSCIA3_IRQHandler            
00000b2f  EUSCIB0_IRQHandler            
00000b2f  EUSCIB1_IRQHandler            
00000b2f  EUSCIB2_IRQHandler            
00000b2f  EUSCIB3_IRQHandler            
00000b2f  FLCTL_IRQHandler              
00000b2f  FPU_IRQHandler                
00000b2f  HardFault_Handler             
00000b2f  MemManage_Handler             
00000b2f  NMI_Handler                   
00000b2f  PCM_IRQHandler                
00000b2f  PORT1_IRQHandler              
00000b2f  PORT2_IRQHandler              
00000b2f  PORT3_IRQHandler              
00000b2f  PORT4_IRQHandler              
00000b2f  PORT5_IRQHandler              
00000b2f  PORT6_IRQHandler              
00000b2f  PSS_IRQHandler                
00000b2f  PendSV_Handler                
00000b2f  RTC_C_IRQHandler              
00000b2f  SVC_Handler                   
00000b2f  SysTick_Handler               
00000b2f  T32_INT1_IRQHandler           
00000b2f  T32_INT2_IRQHandler           
00000b2f  T32_INTC_IRQHandler           
00000b2f  TA0_0_IRQHandler              
00000b2f  TA0_N_IRQHandler              
00000b2f  TA1_0_IRQHandler              
00000b2f  TA1_N_IRQHandler              
00000b2f  TA2_0_IRQHandler              
00000b2f  TA2_N_IRQHandler              
00000b2f  TA3_0_IRQHandler              
00000b2f  TA3_N_IRQHandler              
00000b2f  UsageFault_Handler            
00000b2f  WDT_A_IRQHandler              
00000b31  _system_pre_init              
00000b35  C$$EXIT                       
00000b35  abort                         
00000b48  __TI_Handler_Table_Base       
00000b50  __TI_CINIT_Base               
00000b50  __TI_Handler_Table_Limit      
00000b58  __TI_CINIT_Limit              
20000000  ClockFrequency                
20000000  __start___llvm_prf_cnts       
20000000  __stop___llvm_prf_cnts        
20000004  Prewait                       
20000008  CPMwait                       
2000000c  Postwait                      
20000010  IFlags                        
20000014  Crystalstable                 
20000018  SystemCoreClock               
2000fe00  __stack                       
20010000  __STACK_END                   
4000480c  WDTCTL_SYM                    
ffffffff  __TI_pprof_out_hndl           
ffffffff  __TI_prof_data_size           
ffffffff  __TI_prof_data_start          
ffffffff  __binit__                     
ffffffff  __c_args__                    
ffffffff  binit                         
UNDEFED   __mpu_init                    
UNDEFED   _system_post_cinit            

[113 symbols]
