******************************************************************************
                  TI ARM Linker PC v20.2.6                     
******************************************************************************
>> Linked Mon Feb 21 20:01:00 2022

OUTPUT FILE NAME:   <HW3.out>
ENTRY POINT SYMBOL: "_c_int00_noargs"  address: 000009bd


MEMORY CONFIGURATION

         name            origin    length      used     unused   attr    fill
----------------------  --------  ---------  --------  --------  ----  --------
  MAIN                  00000000   00040000  00000a78  0003f588  R  X
  INFO                  00200000   00004000  00000000  00004000  R  X
  SRAM_CODE             01000000   00010000  0000021c  0000fde4  RW X
  SRAM_DATA             20000000   00010000  0000021c  0000fde4  RW  


SEGMENT ALLOCATION MAP

run origin  load origin   length   init length attrs members
----------  ----------- ---------- ----------- ----- -------
00000000    00000000    00000a78   00000a78    r-x
  00000000    00000000    000000e4   000000e4    r-- .intvecs
  000000e4    000000e4    00000974   00000974    r-x .text
  00000a58    00000a58    00000020   00000020    r-- .cinit
20000000    20000000    0000001c   00000000    rw-
  20000000    20000000    0000001c   00000000    rw- .data
2000fe00    2000fe00    00000200   00000000    rw-
  2000fe00    2000fe00    00000200   00000000    rw- .stack


SECTION ALLOCATION MAP

 output                                  attributes/
section   page    origin      length       input sections
--------  ----  ----------  ----------   ----------------
.intvecs   0    00000000    000000e4     
                  00000000    000000e4     startup_msp432p401r_ccs.obj (.intvecs:retain)

.text      0    000000e4    00000974     
                  000000e4    00000334     system_msp432p401r.obj (.text)
                  00000418    000001e0     Clock.obj (.text)
                  000005f8    00000118     MotorSimple.obj (.text)
                  00000710    000000f8     LaunchPad.obj (.text)
                  00000808    0000009c     rtsv7M4_T_le_v4SPD16_eabi.lib : memcpy_t2.asm.obj (.text)
                  000008a4    0000006c     SysTick.obj (.text)
                  00000910    00000068     rtsv7M4_T_le_v4SPD16_eabi.lib : copy_decompress_lzss.c.obj (.text:decompress:lzss:__TI_decompress_lzss)
                  00000978    00000044                                   : autoinit.c.obj (.text:__TI_auto_init_nobinit_nopinit:__TI_auto_init_nobinit_nopinit)
                  000009bc    00000034                                   : boot_cortex_m.c.obj (.text:_c_int00_noargs:_c_int00_noargs)
                  000009f0    00000030     main.obj (.text)
                  00000a20    00000014     Bump.obj (.text)
                  00000a34    0000000e     rtsv7M4_T_le_v4SPD16_eabi.lib : copy_decompress_none.c.obj (.text:decompress:none:__TI_decompress_none)
                  00000a42    0000000e     startup_msp432p401r_ccs.obj (.text)
                  00000a50    00000004     rtsv7M4_T_le_v4SPD16_eabi.lib : pre_init.c.obj (.text:_system_pre_init)
                  00000a54    00000004                                   : exit.c.obj (.text:abort:abort)

.cinit     0    00000a58    00000020     
                  00000a58    0000000d     (.cinit..data.load) [load image, compression = lzss]
                  00000a65    00000003     --HOLE-- [fill = 0]
                  00000a68    00000008     (__TI_handler_table)
                  00000a70    00000008     (__TI_cinit_table)

.init_array 
*          0    00000000    00000000     UNINITIALIZED

.binit     0    00000000    00000000     

.data      0    20000000    0000001c     UNINITIALIZED
                  20000000    00000018     Clock.obj (.data)
                  20000018    00000004     system_msp432p401r.obj (.data)

.stack     0    2000fe00    00000200     UNINITIALIZED
                  2000fe00    00000004     rtsv7M4_T_le_v4SPD16_eabi.lib : boot_cortex_m.c.obj (.stack)
                  2000fe04    000001fc     --HOLE--

__llvm_prf_cnts 
*          0    20000000    00000000     UNINITIALIZED

MODULE SUMMARY

       Module                        code   ro data   rw data
       ------                        ----   -------   -------
    .\
       system_msp432p401r.obj        820    0         8      
       startup_msp432p401r_ccs.obj   14     228       0      
       main.obj                      48     0         0      
    +--+-----------------------------+------+---------+---------+
       Total:                        882    228       8      
                                                             
    .\inc\
       Clock.obj                     480    0         48     
       MotorSimple.obj               280    0         0      
       LaunchPad.obj                 248    0         0      
       SysTick.obj                   108    0         0      
       Bump.obj                      20     0         0      
    +--+-----------------------------+------+---------+---------+
       Total:                        1136   0         48     
                                                             
    C:\ti\ccs1110\ccs\tools\compiler\ti-cgt-arm_20.2.6.LTS\lib\rtsv7M4_T_le_v4SPD16_eabi.lib
       memcpy_t2.asm.obj             156    0         0      
       copy_decompress_lzss.c.obj    104    0         0      
       autoinit.c.obj                68     0         0      
       boot_cortex_m.c.obj           52     0         0      
       copy_decompress_none.c.obj    14     0         0      
       exit.c.obj                    4      0         0      
       pre_init.c.obj                4      0         0      
    +--+-----------------------------+------+---------+---------+
       Total:                        402    0         0      
                                                             
       Stack:                        0      0         1024   
       Linker Generated:             0      29        0      
    +--+-----------------------------+------+---------+---------+
       Grand Total:                  2420   257       1080   


LINKER GENERATED COPY TABLES

__TI_cinit_table @ 00000a70 records: 1, size/record: 8, table size: 8
	.data: load addr=00000a58, load size=0000000d bytes, run addr=20000000, run size=0000001c bytes, compression=lzss


LINKER GENERATED HANDLER TABLE

__TI_handler_table @ 00000a68 records: 2, size/record: 4, table size: 8
	index: 0, handler: __TI_decompress_lzss
	index: 1, handler: __TI_decompress_none


GLOBAL SYMBOLS: SORTED ALPHABETICALLY BY Name 

address   name                          
-------   ----                          
00000a4f  ADC14_IRQHandler              
00000a4f  AES256_IRQHandler             
00000a21  Bump_Init                     
00000a2d  Bump_Read                     
00000a4f  BusFault_Handler              
00000a55  C$$EXIT                       
00000a4f  COMP_E0_IRQHandler            
00000a4f  COMP_E1_IRQHandler            
20000008  CPMwait                       
00000a4f  CS_IRQHandler                 
20000000  ClockFrequency                
0000056d  Clock_Delay1ms                
00000543  Clock_Delay1us                
0000052f  Clock_GetFreq                 
00000419  Clock_Init48MHz               
20000014  Crystalstable                 
00000a4f  DMA_ERR_IRQHandler            
00000a4f  DMA_INT0_IRQHandler           
00000a4f  DMA_INT1_IRQHandler           
00000a4f  DMA_INT2_IRQHandler           
00000a4f  DMA_INT3_IRQHandler           
00000a4f  DebugMon_Handler              
00000a4f  Default_Handler               
00000a4f  EUSCIA0_IRQHandler            
00000a4f  EUSCIA1_IRQHandler            
00000a4f  EUSCIA2_IRQHandler            
00000a4f  EUSCIA3_IRQHandler            
00000a4f  EUSCIB0_IRQHandler            
00000a4f  EUSCIB1_IRQHandler            
00000a4f  EUSCIB2_IRQHandler            
00000a4f  EUSCIB3_IRQHandler            
00000a4f  FLCTL_IRQHandler              
00000a4f  FPU_IRQHandler                
00000a4f  HardFault_Handler             
20000010  IFlags                        
00000711  LaunchPad_Init                
00000781  LaunchPad_Input               
0000079f  LaunchPad_LED                 
000007bd  LaunchPad_Output              
00000a4f  MemManage_Handler             
000006cd  Motor_BackwardSimple          
00000657  Motor_ForwardSimple           
000005f9  Motor_InitSimple              
000006db  Motor_LeftSimple              
000006e9  Motor_RightSimple             
00000637  Motor_StopSimple              
00000a4f  NMI_Handler                   
00000a4f  PCM_IRQHandler                
00000a4f  PORT1_IRQHandler              
00000a4f  PORT2_IRQHandler              
00000a4f  PORT3_IRQHandler              
00000a4f  PORT4_IRQHandler              
00000a4f  PORT5_IRQHandler              
00000a4f  PORT6_IRQHandler              
00000a4f  PSS_IRQHandler                
00000a4f  PendSV_Handler                
2000000c  Postwait                      
20000004  Prewait                       
00000a4f  RTC_C_IRQHandler              
00000a43  Reset_Handler                 
00000a4f  SVC_Handler                   
00000a4f  SysTick_Handler               
000008a5  SysTick_Init                  
000008b5  SysTick_Wait                  
000008db  SysTick_Wait10ms              
20000018  SystemCoreClock               
000000e5  SystemCoreClockUpdate         
0000035d  SystemInit                    
00000a4f  T32_INT1_IRQHandler           
00000a4f  T32_INT2_IRQHandler           
00000a4f  T32_INTC_IRQHandler           
00000a4f  TA0_0_IRQHandler              
00000a4f  TA0_N_IRQHandler              
00000a4f  TA1_0_IRQHandler              
00000a4f  TA1_N_IRQHandler              
00000a4f  TA2_0_IRQHandler              
00000a4f  TA2_N_IRQHandler              
00000a4f  TA3_0_IRQHandler              
00000a4f  TA3_N_IRQHandler              
00000a4f  UsageFault_Handler            
4000480c  WDTCTL_SYM                    
00000a4f  WDT_A_IRQHandler              
20010000  __STACK_END                   
00000200  __STACK_SIZE                  
00000a70  __TI_CINIT_Base               
00000a78  __TI_CINIT_Limit              
00000a68  __TI_Handler_Table_Base       
00000a70  __TI_Handler_Table_Limit      
00000979  __TI_auto_init_nobinit_nopinit
00000911  __TI_decompress_lzss          
00000a35  __TI_decompress_none          
ffffffff  __TI_pprof_out_hndl           
ffffffff  __TI_prof_data_size           
ffffffff  __TI_prof_data_start          
00000000  __TI_static_base__            
00000809  __aeabi_memcpy                
00000809  __aeabi_memcpy4               
00000809  __aeabi_memcpy8               
ffffffff  __binit__                     
ffffffff  __c_args__                    
UNDEFED   __mpu_init                    
2000fe00  __stack                       
20000000  __start___llvm_prf_cnts       
20000000  __stop___llvm_prf_cnts        
000009bd  _c_int00_noargs               
UNDEFED   _system_post_cinit            
00000a51  _system_pre_init              
00000a55  abort                         
ffffffff  binit                         
00000535  delay                         
00000000  interruptVectors              
000009f1  main                          
00000809  memcpy                        


GLOBAL SYMBOLS: SORTED BY Symbol Address 

address   name                          
-------   ----                          
00000000  __TI_static_base__            
00000000  interruptVectors              
000000e5  SystemCoreClockUpdate         
00000200  __STACK_SIZE                  
0000035d  SystemInit                    
00000419  Clock_Init48MHz               
0000052f  Clock_GetFreq                 
00000535  delay                         
00000543  Clock_Delay1us                
0000056d  Clock_Delay1ms                
000005f9  Motor_InitSimple              
00000637  Motor_StopSimple              
00000657  Motor_ForwardSimple           
000006cd  Motor_BackwardSimple          
000006db  Motor_LeftSimple              
000006e9  Motor_RightSimple             
00000711  LaunchPad_Init                
00000781  LaunchPad_Input               
0000079f  LaunchPad_LED                 
000007bd  LaunchPad_Output              
00000809  __aeabi_memcpy                
00000809  __aeabi_memcpy4               
00000809  __aeabi_memcpy8               
00000809  memcpy                        
000008a5  SysTick_Init                  
000008b5  SysTick_Wait                  
000008db  SysTick_Wait10ms              
00000911  __TI_decompress_lzss          
00000979  __TI_auto_init_nobinit_nopinit
000009bd  _c_int00_noargs               
000009f1  main                          
00000a21  Bump_Init                     
00000a2d  Bump_Read                     
00000a35  __TI_decompress_none          
00000a43  Reset_Handler                 
00000a4f  ADC14_IRQHandler              
00000a4f  AES256_IRQHandler             
00000a4f  BusFault_Handler              
00000a4f  COMP_E0_IRQHandler            
00000a4f  COMP_E1_IRQHandler            
00000a4f  CS_IRQHandler                 
00000a4f  DMA_ERR_IRQHandler            
00000a4f  DMA_INT0_IRQHandler           
00000a4f  DMA_INT1_IRQHandler           
00000a4f  DMA_INT2_IRQHandler           
00000a4f  DMA_INT3_IRQHandler           
00000a4f  DebugMon_Handler              
00000a4f  Default_Handler               
00000a4f  EUSCIA0_IRQHandler            
00000a4f  EUSCIA1_IRQHandler            
00000a4f  EUSCIA2_IRQHandler            
00000a4f  EUSCIA3_IRQHandler            
00000a4f  EUSCIB0_IRQHandler            
00000a4f  EUSCIB1_IRQHandler            
00000a4f  EUSCIB2_IRQHandler            
00000a4f  EUSCIB3_IRQHandler            
00000a4f  FLCTL_IRQHandler              
00000a4f  FPU_IRQHandler                
00000a4f  HardFault_Handler             
00000a4f  MemManage_Handler             
00000a4f  NMI_Handler                   
00000a4f  PCM_IRQHandler                
00000a4f  PORT1_IRQHandler              
00000a4f  PORT2_IRQHandler              
00000a4f  PORT3_IRQHandler              
00000a4f  PORT4_IRQHandler              
00000a4f  PORT5_IRQHandler              
00000a4f  PORT6_IRQHandler              
00000a4f  PSS_IRQHandler                
00000a4f  PendSV_Handler                
00000a4f  RTC_C_IRQHandler              
00000a4f  SVC_Handler                   
00000a4f  SysTick_Handler               
00000a4f  T32_INT1_IRQHandler           
00000a4f  T32_INT2_IRQHandler           
00000a4f  T32_INTC_IRQHandler           
00000a4f  TA0_0_IRQHandler              
00000a4f  TA0_N_IRQHandler              
00000a4f  TA1_0_IRQHandler              
00000a4f  TA1_N_IRQHandler              
00000a4f  TA2_0_IRQHandler              
00000a4f  TA2_N_IRQHandler              
00000a4f  TA3_0_IRQHandler              
00000a4f  TA3_N_IRQHandler              
00000a4f  UsageFault_Handler            
00000a4f  WDT_A_IRQHandler              
00000a51  _system_pre_init              
00000a55  C$$EXIT                       
00000a55  abort                         
00000a68  __TI_Handler_Table_Base       
00000a70  __TI_CINIT_Base               
00000a70  __TI_Handler_Table_Limit      
00000a78  __TI_CINIT_Limit              
20000000  ClockFrequency                
20000000  __start___llvm_prf_cnts       
20000000  __stop___llvm_prf_cnts        
20000004  Prewait                       
20000008  CPMwait                       
2000000c  Postwait                      
20000010  IFlags                        
20000014  Crystalstable                 
20000018  SystemCoreClock               
2000fe00  __stack                       
20010000  __STACK_END                   
4000480c  WDTCTL_SYM                    
ffffffff  __TI_pprof_out_hndl           
ffffffff  __TI_prof_data_size           
ffffffff  __TI_prof_data_start          
ffffffff  __binit__                     
ffffffff  __c_args__                    
ffffffff  binit                         
UNDEFED   __mpu_init                    
UNDEFED   _system_post_cinit            

[113 symbols]
