******************************************************************************
                  TI ARM Linker PC v20.2.6                     
******************************************************************************
>> Linked Wed Feb 23 17:13:14 2022

OUTPUT FILE NAME:   <HW3.out>
ENTRY POINT SYMBOL: "_c_int00_noargs"  address: 00001001


MEMORY CONFIGURATION

         name            origin    length      used     unused   attr    fill
----------------------  --------  ---------  --------  --------  ----  --------
  MAIN                  00000000   00040000  000010ac  0003ef54  R  X
  INFO                  00200000   00004000  00000000  00004000  R  X
  SRAM_CODE             01000000   00010000  0000021c  0000fde4  RW X
  SRAM_DATA             20000000   00010000  0000021c  0000fde4  RW  


SEGMENT ALLOCATION MAP

run origin  load origin   length   init length attrs members
----------  ----------- ---------- ----------- ----- -------
00000000    00000000    000010b0   000010b0    r-x
  00000000    00000000    000000e4   000000e4    r-- .intvecs
  000000e4    000000e4    00000fa8   00000fa8    r-x .text
  00001090    00001090    00000020   00000020    r-- .cinit
20000000    20000000    0000001c   00000000    rw-
  20000000    20000000    0000001c   00000000    rw- .data
2000fe00    2000fe00    00000200   00000000    rw-
  2000fe00    2000fe00    00000200   00000000    rw- .stack


SECTION ALLOCATION MAP

 output                                  attributes/
section   page    origin      length       input sections
--------  ----  ----------  ----------   ----------------
.intvecs   0    00000000    000000e4     
                  00000000    000000e4     startup_msp432p401r_ccs.obj (.intvecs:retain)

.text      0    000000e4    00000fa8     
                  000000e4    00000358     MotorSimple.obj (.text)
                  0000043c    00000334     system_msp432p401r.obj (.text)
                  00000770    000001e0     Clock.obj (.text)
                  00000950    00000144     main.obj (.text)
                  00000a94    00000136     rtsv7M4_T_le_v4SPD16_eabi.lib : fd_div_t2.asm.obj (.text)
                  00000bca    000000fc                                   : fd_mul_t2.asm.obj (.text)
                  00000cc6    00000002     --HOLE-- [fill = 0]
                  00000cc8    000000f8     LaunchPad.obj (.text)
                  00000dc0    0000009c     rtsv7M4_T_le_v4SPD16_eabi.lib : memcpy_t2.asm.obj (.text)
                  00000e5c    0000006c     SysTick.obj (.text)
                  00000ec8    00000068     rtsv7M4_T_le_v4SPD16_eabi.lib : copy_decompress_lzss.c.obj (.text:decompress:lzss:__TI_decompress_lzss)
                  00000f30    00000048                                   : fd_toi_t2.asm.obj (.text)
                  00000f78    00000044                                   : autoinit.c.obj (.text:__TI_auto_init_nobinit_nopinit:__TI_auto_init_nobinit_nopinit)
                  00000fbc    00000044                                   : fd_tou_t2.asm.obj (.text)
                  00001000    00000034                                   : boot_cortex_m.c.obj (.text:_c_int00_noargs:_c_int00_noargs)
                  00001034    00000020                                   : u_tofd_t2.asm.obj (.text)
                  00001054    00000014     Bump.obj (.text)
                  00001068    0000000e     rtsv7M4_T_le_v4SPD16_eabi.lib : copy_decompress_none.c.obj (.text:decompress:none:__TI_decompress_none)
                  00001076    0000000e     startup_msp432p401r_ccs.obj (.text)
                  00001084    00000004     rtsv7M4_T_le_v4SPD16_eabi.lib : pre_init.c.obj (.text:_system_pre_init)
                  00001088    00000004                                   : exit.c.obj (.text:abort:abort)

.cinit     0    00001090    00000020     
                  00001090    0000000d     (.cinit..data.load) [load image, compression = lzss]
                  0000109d    00000003     --HOLE-- [fill = 0]
                  000010a0    00000008     (__TI_handler_table)
                  000010a8    00000008     (__TI_cinit_table)

.init_array 
*          0    00000000    00000000     UNINITIALIZED

.binit     0    00000000    00000000     

.data      0    20000000    0000001c     UNINITIALIZED
                  20000000    00000018     Clock.obj (.data)
                  20000018    00000004     system_msp432p401r.obj (.data)

.stack     0    2000fe00    00000200     UNINITIALIZED
                  2000fe00    00000004     rtsv7M4_T_le_v4SPD16_eabi.lib : boot_cortex_m.c.obj (.stack)
                  2000fe04    000001fc     --HOLE--

__llvm_prf_cnts 
*          0    20000000    00000000     UNINITIALIZED

MODULE SUMMARY

       Module                        code   ro data   rw data
       ------                        ----   -------   -------
    .\
       system_msp432p401r.obj        820    0         8      
       main.obj                      324    0         0      
       startup_msp432p401r_ccs.obj   14     228       0      
    +--+-----------------------------+------+---------+---------+
       Total:                        1158   228       8      
                                                             
    .\inc\
       MotorSimple.obj               856    0         0      
       Clock.obj                     480    0         48     
       LaunchPad.obj                 248    0         0      
       SysTick.obj                   108    0         0      
       Bump.obj                      20     0         0      
    +--+-----------------------------+------+---------+---------+
       Total:                        1712   0         48     
                                                             
    C:\ti\ccs1110\ccs\tools\compiler\ti-cgt-arm_20.2.6.LTS\lib\rtsv7M4_T_le_v4SPD16_eabi.lib
       fd_div_t2.asm.obj             310    0         0      
       fd_mul_t2.asm.obj             252    0         0      
       memcpy_t2.asm.obj             156    0         0      
       copy_decompress_lzss.c.obj    104    0         0      
       fd_toi_t2.asm.obj             72     0         0      
       autoinit.c.obj                68     0         0      
       fd_tou_t2.asm.obj             68     0         0      
       boot_cortex_m.c.obj           52     0         0      
       u_tofd_t2.asm.obj             32     0         0      
       copy_decompress_none.c.obj    14     0         0      
       exit.c.obj                    4      0         0      
       pre_init.c.obj                4      0         0      
    +--+-----------------------------+------+---------+---------+
       Total:                        1136   0         0      
                                                             
       Stack:                        0      0         1024   
       Linker Generated:             0      29        0      
    +--+-----------------------------+------+---------+---------+
       Grand Total:                  4006   257       1080   


LINKER GENERATED COPY TABLES

__TI_cinit_table @ 000010a8 records: 1, size/record: 8, table size: 8
	.data: load addr=00001090, load size=0000000d bytes, run addr=20000000, run size=0000001c bytes, compression=lzss


LINKER GENERATED HANDLER TABLE

__TI_handler_table @ 000010a0 records: 2, size/record: 4, table size: 8
	index: 0, handler: __TI_decompress_lzss
	index: 1, handler: __TI_decompress_none


GLOBAL SYMBOLS: SORTED ALPHABETICALLY BY Name 

address   name                          
-------   ----                          
00001083  ADC14_IRQHandler              
00001083  AES256_IRQHandler             
00001055  Bump_Init                     
00001061  Bump_Read                     
00001083  BusFault_Handler              
00001089  C$$EXIT                       
00001083  COMP_E0_IRQHandler            
00001083  COMP_E1_IRQHandler            
20000008  CPMwait                       
00001083  CS_IRQHandler                 
20000000  ClockFrequency                
000008c5  Clock_Delay1ms                
0000089b  Clock_Delay1us                
00000887  Clock_GetFreq                 
00000771  Clock_Init48MHz               
20000014  Crystalstable                 
00001083  DMA_ERR_IRQHandler            
00001083  DMA_INT0_IRQHandler           
00001083  DMA_INT1_IRQHandler           
00001083  DMA_INT2_IRQHandler           
00001083  DMA_INT3_IRQHandler           
00001083  DebugMon_Handler              
00001083  Default_Handler               
00001083  EUSCIA0_IRQHandler            
00001083  EUSCIA1_IRQHandler            
00001083  EUSCIA2_IRQHandler            
00001083  EUSCIA3_IRQHandler            
00001083  EUSCIB0_IRQHandler            
00001083  EUSCIB1_IRQHandler            
00001083  EUSCIB2_IRQHandler            
00001083  EUSCIB3_IRQHandler            
00001083  FLCTL_IRQHandler              
00001083  FPU_IRQHandler                
00001083  HardFault_Handler             
20000010  IFlags                        
00000cc9  LaunchPad_Init                
00000d39  LaunchPad_Input               
00000d57  LaunchPad_LED                 
00000d75  LaunchPad_Output              
00001083  MemManage_Handler             
0000020b  Motor_BackwardSimple          
00000143  Motor_ForwardSimple           
000000e5  Motor_InitSimple              
0000036b  Motor_LeftTurn                
000002e9  Motor_RightTurn               
00000123  Motor_StopSimple              
00001083  NMI_Handler                   
00001083  PCM_IRQHandler                
00001083  PORT1_IRQHandler              
00001083  PORT2_IRQHandler              
00001083  PORT3_IRQHandler              
00001083  PORT4_IRQHandler              
00001083  PORT5_IRQHandler              
00001083  PORT6_IRQHandler              
00001083  PSS_IRQHandler                
00001083  PendSV_Handler                
2000000c  Postwait                      
20000004  Prewait                       
00001083  RTC_C_IRQHandler              
00001077  Reset_Handler                 
00001083  SVC_Handler                   
00001083  SysTick_Handler               
00000e5d  SysTick_Init                  
00000e6d  SysTick_Wait                  
00000e93  SysTick_Wait10ms              
20000018  SystemCoreClock               
0000043d  SystemCoreClockUpdate         
000006b5  SystemInit                    
00001083  T32_INT1_IRQHandler           
00001083  T32_INT2_IRQHandler           
00001083  T32_INTC_IRQHandler           
00001083  TA0_0_IRQHandler              
00001083  TA0_N_IRQHandler              
00001083  TA1_0_IRQHandler              
00001083  TA1_N_IRQHandler              
00001083  TA2_0_IRQHandler              
00001083  TA2_N_IRQHandler              
00001083  TA3_0_IRQHandler              
00001083  TA3_N_IRQHandler              
00001083  UsageFault_Handler            
4000480c  WDTCTL_SYM                    
00001083  WDT_A_IRQHandler              
20010000  __STACK_END                   
00000200  __STACK_SIZE                  
000010a8  __TI_CINIT_Base               
000010b0  __TI_CINIT_Limit              
000010a0  __TI_Handler_Table_Base       
000010a8  __TI_Handler_Table_Limit      
00000f79  __TI_auto_init_nobinit_nopinit
00000ec9  __TI_decompress_lzss          
00001069  __TI_decompress_none          
ffffffff  __TI_pprof_out_hndl           
ffffffff  __TI_prof_data_size           
ffffffff  __TI_prof_data_start          
00000000  __TI_static_base__            
00000f31  __aeabi_d2iz                  
00000fbd  __aeabi_d2uiz                 
00000a95  __aeabi_ddiv                  
00000bcb  __aeabi_dmul                  
00000dc1  __aeabi_memcpy                
00000dc1  __aeabi_memcpy4               
00000dc1  __aeabi_memcpy8               
00001035  __aeabi_ui2d                  
ffffffff  __binit__                     
ffffffff  __c_args__                    
UNDEFED   __mpu_init                    
2000fe00  __stack                       
20000000  __start___llvm_prf_cnts       
20000000  __stop___llvm_prf_cnts        
00001001  _c_int00_noargs               
UNDEFED   _system_post_cinit            
00001085  _system_pre_init              
00001089  abort                         
ffffffff  binit                         
0000088d  delay                         
00000000  interruptVectors              
00000951  main                          
00000dc1  memcpy                        


GLOBAL SYMBOLS: SORTED BY Symbol Address 

address   name                          
-------   ----                          
00000000  __TI_static_base__            
00000000  interruptVectors              
000000e5  Motor_InitSimple              
00000123  Motor_StopSimple              
00000143  Motor_ForwardSimple           
00000200  __STACK_SIZE                  
0000020b  Motor_BackwardSimple          
000002e9  Motor_RightTurn               
0000036b  Motor_LeftTurn                
0000043d  SystemCoreClockUpdate         
000006b5  SystemInit                    
00000771  Clock_Init48MHz               
00000887  Clock_GetFreq                 
0000088d  delay                         
0000089b  Clock_Delay1us                
000008c5  Clock_Delay1ms                
00000951  main                          
00000a95  __aeabi_ddiv                  
00000bcb  __aeabi_dmul                  
00000cc9  LaunchPad_Init                
00000d39  LaunchPad_Input               
00000d57  LaunchPad_LED                 
00000d75  LaunchPad_Output              
00000dc1  __aeabi_memcpy                
00000dc1  __aeabi_memcpy4               
00000dc1  __aeabi_memcpy8               
00000dc1  memcpy                        
00000e5d  SysTick_Init                  
00000e6d  SysTick_Wait                  
00000e93  SysTick_Wait10ms              
00000ec9  __TI_decompress_lzss          
00000f31  __aeabi_d2iz                  
00000f79  __TI_auto_init_nobinit_nopinit
00000fbd  __aeabi_d2uiz                 
00001001  _c_int00_noargs               
00001035  __aeabi_ui2d                  
00001055  Bump_Init                     
00001061  Bump_Read                     
00001069  __TI_decompress_none          
00001077  Reset_Handler                 
00001083  ADC14_IRQHandler              
00001083  AES256_IRQHandler             
00001083  BusFault_Handler              
00001083  COMP_E0_IRQHandler            
00001083  COMP_E1_IRQHandler            
00001083  CS_IRQHandler                 
00001083  DMA_ERR_IRQHandler            
00001083  DMA_INT0_IRQHandler           
00001083  DMA_INT1_IRQHandler           
00001083  DMA_INT2_IRQHandler           
00001083  DMA_INT3_IRQHandler           
00001083  DebugMon_Handler              
00001083  Default_Handler               
00001083  EUSCIA0_IRQHandler            
00001083  EUSCIA1_IRQHandler            
00001083  EUSCIA2_IRQHandler            
00001083  EUSCIA3_IRQHandler            
00001083  EUSCIB0_IRQHandler            
00001083  EUSCIB1_IRQHandler            
00001083  EUSCIB2_IRQHandler            
00001083  EUSCIB3_IRQHandler            
00001083  FLCTL_IRQHandler              
00001083  FPU_IRQHandler                
00001083  HardFault_Handler             
00001083  MemManage_Handler             
00001083  NMI_Handler                   
00001083  PCM_IRQHandler                
00001083  PORT1_IRQHandler              
00001083  PORT2_IRQHandler              
00001083  PORT3_IRQHandler              
00001083  PORT4_IRQHandler              
00001083  PORT5_IRQHandler              
00001083  PORT6_IRQHandler              
00001083  PSS_IRQHandler                
00001083  PendSV_Handler                
00001083  RTC_C_IRQHandler              
00001083  SVC_Handler                   
00001083  SysTick_Handler               
00001083  T32_INT1_IRQHandler           
00001083  T32_INT2_IRQHandler           
00001083  T32_INTC_IRQHandler           
00001083  TA0_0_IRQHandler              
00001083  TA0_N_IRQHandler              
00001083  TA1_0_IRQHandler              
00001083  TA1_N_IRQHandler              
00001083  TA2_0_IRQHandler              
00001083  TA2_N_IRQHandler              
00001083  TA3_0_IRQHandler              
00001083  TA3_N_IRQHandler              
00001083  UsageFault_Handler            
00001083  WDT_A_IRQHandler              
00001085  _system_pre_init              
00001089  C$$EXIT                       
00001089  abort                         
000010a0  __TI_Handler_Table_Base       
000010a8  __TI_CINIT_Base               
000010a8  __TI_Handler_Table_Limit      
000010b0  __TI_CINIT_Limit              
20000000  ClockFrequency                
20000000  __start___llvm_prf_cnts       
20000000  __stop___llvm_prf_cnts        
20000004  Prewait                       
20000008  CPMwait                       
2000000c  Postwait                      
20000010  IFlags                        
20000014  Crystalstable                 
20000018  SystemCoreClock               
2000fe00  __stack                       
20010000  __STACK_END                   
4000480c  WDTCTL_SYM                    
ffffffff  __TI_pprof_out_hndl           
ffffffff  __TI_prof_data_size           
ffffffff  __TI_prof_data_start          
ffffffff  __binit__                     
ffffffff  __c_args__                    
ffffffff  binit                         
UNDEFED   __mpu_init                    
UNDEFED   _system_post_cinit            

[118 symbols]
